Microchip MPLAB XC8 Compiler V3.10

Linker command line:

-W-3 \
  --edf=C:\Program Files\Microchip\xc8\v3.10\pic\dat\20250813170317_en.msgs \
  -cn -h+dist/default/production\FR761_RX_V05.X.production.sym \
  --cmf=dist/default/production\FR761_RX_V05.X.production.cmf -z -Q16F15213 \
  -oC:\Users\t00904\AppData\Local\Temp\xcAsky8.0\driver_tmp_3.o \
  --defsym=__MPLAB_BUILD=1 --fixupoverflow=error \
  -Mdist/default/production/FR761_RX_V05.X.production.map \
  --md=C:\Users\t00904\AppData\Local\Temp\xcAsky8.0\driver_tmp_0.dat -E1 \
  -ver=XC8 Compiler -ACODE=00h-07FFh -ASTRCODE=00h-07FFh \
  -ASTRING=00h-0FFhx8 -ACONST=00h-0FFhx8 -AENTRY=00h-0FFhx8 \
  -ACOMMON=070h-07Fh -ABANK0=020h-06Fh -ABANK1=0A0h-0EFh \
  -ABANK2=0120h-016Fh -ABIGRAM=02000h-020EFh \
  -ARAM=020h-06Fh,0A0h-0EFh,0120h-016Fh \
  -AABS1=020h-07Fh,0A0h-0EFh,0120h-016Fh -ASFR0=00h-01Fh -ASFR1=080h-09Fh \
  -ASFR2=0100h-011Fh -ASFR3=0180h-01EFh -ASFR4=0200h-026Fh \
  -ASFR5=0280h-02EFh -ASFR6=0300h-036Fh -ASFR7=0380h-03EFh \
  -ASFR8=0400h-046Fh -ASFR9=0480h-04EFh -ASFR10=0500h-056Fh \
  -ASFR11=0580h-05EFh -ASFR12=0600h-066Fh -ASFR13=0680h-06EFh \
  -ASFR14=0700h-076Fh -ASFR15=0780h-07EFh -ASFR16=0800h-086Fh \
  -ASFR17=0880h-08EFh -ASFR18=0900h-096Fh -ASFR19=0980h-09EFh \
  -ASFR20=0A00h-0A6Fh -ASFR21=0A80h-0AEFh -ASFR22=0B00h-0B6Fh \
  -ASFR23=0B80h-0BEFh -ASFR24=0C00h-0C6Fh -ASFR25=0C80h-0CEFh \
  -ASFR26=0D00h-0D6Fh -ASFR27=0D80h-0DEFh -ASFR28=0E00h-0E6Fh \
  -ASFR29=0E80h-0EEFh -ASFR30=0F00h-0F6Fh -ASFR31=0F80h-0FEFh \
  -ASFR32=01000h-0106Fh -ASFR33=01080h-010EFh -ASFR34=01100h-0116Fh \
  -ASFR35=01180h-011EFh -ASFR36=01200h-0126Fh -ASFR37=01280h-012EFh \
  -ASFR38=01300h-0136Fh -ASFR39=01380h-013EFh -ASFR40=01400h-0146Fh \
  -ASFR41=01480h-014EFh -ASFR42=01500h-0156Fh -ASFR43=01580h-015EFh \
  -ASFR44=01600h-0166Fh -ASFR45=01680h-016EFh -ASFR46=01700h-0176Fh \
  -ASFR47=01780h-017EFh -ASFR48=01800h-0186Fh -ASFR49=01880h-018EFh \
  -ASFR50=01900h-0196Fh -ASFR51=01980h-019EFh -ASFR52=01A00h-01A6Fh \
  -ASFR53=01A80h-01AEFh -ASFR54=01B00h-01B6Fh -ASFR55=01B80h-01BEFh \
  -ASFR56=01C00h-01C6Fh -ASFR57=01C80h-01CEFh -ASFR58=01D00h-01D6Fh \
  -ASFR59=01D80h-01DEFh -ASFR60=01E00h-01E6Fh -ASFR61=01E80h-01EEFh \
  -ASFR62=01F00h-01F6Fh -ASFR63=01F80h-01FEFh -ACONFIG=08007h-0800Bh \
  -DCONFIG=2 -AIDLOC=08000h-08003h -DIDLOC=2 -DCODE=2 -DSTRCODE=2 \
  -DSTRING=2 -DCONST=2 -DENTRY=2 \
  -preset_vec=00h,intentry=04h,sivt,init,end_init -ppowerup=CODE \
  -pcinit=CODE -pfunctab=ENTRY -k \
  C:\Users\t00904\AppData\Local\Temp\xcAsky8.0\driver_tmp_12.o \
  dist/default/production\FR761_RX_V05.X.production.o 

Object code version is 3.11

Machine type is 16F15213



                Name                               Link     Load   Length Selector   Space Scale
C:\Users\t00904\AppData\Local\Temp\xcAsky8.0\driver_tmp_12.o
                end_init                             3A       3A        1        8       0
                reset_vec                             0        0        1        0       0
                config                             8007     8007        5        0       4
dist/default/production\FR761_RX_V05.X.production.o
                cinit                                3B       3B       18        8       0
                intentry                              4        4       36        8       0
                config                             8007     8007        5        0       4
                text62                              50C      50C       14        8       0
                text61                              622      622        4      BE4       0
                text60                              641      641        1      BE4       0
                text59                              61E      61E        4      BE4       0
                text58                              377      377       39        8       0
                text57                              493      493       1E        8       0
                text56                              640      640        1      BE4       0
                text55                              5A0      5A0        C        8       0
                text54                              576      576        F        8       0
                text52                              5AC      5AC        9        8       0
                text51                              42D      42D       24        8       0
                text50                              638      638        3      BE4       0
                text49                              533      533       13        8       0
                text48                              17E      17E       86        8       0
                text47                              2DB      2DB       5E        8       0
                text46                              4B1      4B1       1A        8       0
                text45                              601      601        5      BE4       0
                text44                              5FC      5FC        5      BE4       0
                text43                              3E2      3E2       26        8       0
                text42                              3B0      3B0       32        8       0
                text41                              408      408       25        8       0
                text40                              473      473       20        8       0
                text39                              204      204       6F        8       0
                text38                              5F7      5F7        5      BE4       0
                text37                              585      585        E        8       0
                text36                              61A      61A        4      BE4       0
                text35                              4CB      4CB       17        8       0
                text34                              451      451       22        8       0
                text33                              616      616        4      BE4       0
                text32                              612      612        4      BE4       0
                text31                              635      635        3      BE4       0
                text30                              632      632        3      BE4       0
                text29                              60E      60E        4      BE4       0
                text28                              273      273       68        8       0
                text27                              566      566       10        8       0
                text26                               53       53      12B        8       0
                text25                              5E7      5E7        6        8       0
                text24                              5E1      5E1        6        8       0
                text23                              5DB      5DB        6        8       0
                text22                              5D5      5D5        6        8       0
                text21                              5CF      5CF        6        8       0
                text20                              339      339       3E        8       0
                text19                              5C9      5C9        6        8       0
                text18                              5B5      5B5        8        8       0
                text17                              4E2      4E2       16        8       0
                text16                              593      593        D        8       0
                text15                              5C3      5C3        6        8       0
                text14                              556      556       10        8       0
                text13                              4F8      4F8       14        8       0
                text12                              60A      60A        4      BE4       0
                text11                              520      520       13        8       0
                text10                              63F      63F        1      BE4       0
                text9                               62F      62F        3      BE4       0
                text8                               63E      63E        1      BE4       0
                text7                               63D      63D        1      BE4       0
                text6                               62C      62C        3      BE4       0
                text5                               5F2      5F2        5      BE4       0
                text4                               629      629        3      BE4       0
                text3                               626      626        3      BE4       0
                text2                               63C      63C        1      BE4       0
                text1                               606      606        4      BE4       0
                maintext                            546      546       10        8       0
                cstackBANK0                          67       67        5       20       1
                cstackCOMMON                         70       70        D       70       1
                cstackBANK1                          A0       A0        9       A0       1
                clrtext                             5BD      5BD        6        8       0
                bssBANK1                             A9       A9        8       A0       1
                dataBANK0                            6C       6C        1       20       1
                bssBANK0                             20       20       38       20       1
                bssCOMMON                            7D       7D        1       70       1
                nvBANK1                              B1       B1        2       A0       1
                nvBANK0                              58       58        F       20       1
                stringtext1                         5ED      5ED        5      BDA       0
                idataBANK0                          63B      63B        1      BE4       0

TOTAL           Name                               Link     Load   Length     Space
        CLASS   CODE           
                end_init                             3A       3A        1         0
                cinit                                3B       3B       18         0
                intentry                              4        4       36         0
                reset_vec                             0        0        1         0
                text62                              50C      50C       14         0
                text61                              622      622        4         0
                text60                              641      641        1         0
                text59                              61E      61E        4         0
                text58                              377      377       39         0
                text57                              493      493       1E         0
                text56                              640      640        1         0
                text55                              5A0      5A0        C         0
                text54                              576      576        F         0
                text52                              5AC      5AC        9         0
                text51                              42D      42D       24         0
                text50                              638      638        3         0
                text49                              533      533       13         0
                text48                              17E      17E       86         0
                text47                              2DB      2DB       5E         0
                text46                              4B1      4B1       1A         0
                text45                              601      601        5         0
                text44                              5FC      5FC        5         0
                text43                              3E2      3E2       26         0
                text42                              3B0      3B0       32         0
                text41                              408      408       25         0
                text40                              473      473       20         0
                text39                              204      204       6F         0
                text38                              5F7      5F7        5         0
                text37                              585      585        E         0
                text36                              61A      61A        4         0
                text35                              4CB      4CB       17         0
                text34                              451      451       22         0
                text33                              616      616        4         0
                text32                              612      612        4         0
                text31                              635      635        3         0
                text30                              632      632        3         0
                text29                              60E      60E        4         0
                text28                              273      273       68         0
                text27                              566      566       10         0
                text26                               53       53      12B         0
                text25                              5E7      5E7        6         0
                text24                              5E1      5E1        6         0
                text23                              5DB      5DB        6         0
                text22                              5D5      5D5        6         0
                text21                              5CF      5CF        6         0
                text20                              339      339       3E         0
                text19                              5C9      5C9        6         0
                text18                              5B5      5B5        8         0
                text17                              4E2      4E2       16         0
                text16                              593      593        D         0
                text15                              5C3      5C3        6         0
                text14                              556      556       10         0
                text13                              4F8      4F8       14         0
                text12                              60A      60A        4         0
                text11                              520      520       13         0
                text10                              63F      63F        1         0
                text9                               62F      62F        3         0
                text8                               63E      63E        1         0
                text7                               63D      63D        1         0
                text6                               62C      62C        3         0
                text5                               5F2      5F2        5         0
                text4                               629      629        3         0
                text3                               626      626        3         0
                text2                               63C      63C        1         0
                text1                               606      606        4         0
                maintext                            546      546       10         0
                clrtext                             5BD      5BD        6         0
                idataBANK0                          63B      63B        1         0

        CLASS   STRCODE        
                stringtext1                         5ED      5ED        5         0

        CLASS   STRING         

        CLASS   CONST          

        CLASS   ENTRY          

        CLASS   COMMON         
                cstackCOMMON                         70       70        D         1
                bssCOMMON                            7D       7D        1         1

        CLASS   BANK0          
                cstackBANK0                          67       67        5         1
                dataBANK0                            6C       6C        1         1
                bssBANK0                             20       20       38         1
                nvBANK0                              58       58        F         1

        CLASS   BANK1          
                cstackBANK1                          A0       A0        9         1
                bssBANK1                             A9       A9        8         1
                nvBANK1                              B1       B1        2         1

        CLASS   BANK2          

        CLASS   BIGRAM         

        CLASS   RAM            

        CLASS   ABS1           
                abs_s1                               7E       7E        2         1

        CLASS   SFR0           

        CLASS   SFR1           

        CLASS   SFR2           

        CLASS   SFR3           

        CLASS   SFR4           

        CLASS   SFR5           

        CLASS   SFR6           

        CLASS   SFR7           

        CLASS   SFR8           

        CLASS   SFR9           

        CLASS   SFR10          

        CLASS   SFR11          

        CLASS   SFR12          

        CLASS   SFR13          

        CLASS   SFR14          

        CLASS   SFR15          

        CLASS   SFR16          

        CLASS   SFR17          

        CLASS   SFR18          

        CLASS   SFR19          

        CLASS   SFR20          

        CLASS   SFR21          

        CLASS   SFR22          

        CLASS   SFR23          

        CLASS   SFR24          

        CLASS   SFR25          

        CLASS   SFR26          

        CLASS   SFR27          

        CLASS   SFR28          

        CLASS   SFR29          

        CLASS   SFR30          

        CLASS   SFR31          

        CLASS   SFR32          

        CLASS   SFR33          

        CLASS   SFR34          

        CLASS   SFR35          

        CLASS   SFR36          

        CLASS   SFR37          

        CLASS   SFR38          

        CLASS   SFR39          

        CLASS   SFR40          

        CLASS   SFR41          

        CLASS   SFR42          

        CLASS   SFR43          

        CLASS   SFR44          

        CLASS   SFR45          

        CLASS   SFR46          

        CLASS   SFR47          

        CLASS   SFR48          

        CLASS   SFR49          

        CLASS   SFR50          

        CLASS   SFR51          

        CLASS   SFR52          

        CLASS   SFR53          

        CLASS   SFR54          

        CLASS   SFR55          

        CLASS   SFR56          

        CLASS   SFR57          

        CLASS   SFR58          

        CLASS   SFR59          

        CLASS   SFR60          

        CLASS   SFR61          

        CLASS   SFR62          

        CLASS   SFR63          

        CLASS   CONFIG         
                config                             8007     8007        5         4

        CLASS   IDLOC          

        CLASS   BANK63         

        CLASS   BANK62         

        CLASS   BANK61         

        CLASS   BANK60         

        CLASS   BANK59         

        CLASS   BANK58         

        CLASS   BANK57         

        CLASS   BANK56         

        CLASS   BANK55         

        CLASS   BANK54         

        CLASS   BANK53         

        CLASS   BANK52         

        CLASS   BANK51         

        CLASS   BANK50         

        CLASS   BANK49         

        CLASS   BANK48         

        CLASS   BANK47         

        CLASS   BANK46         

        CLASS   BANK45         

        CLASS   BANK44         

        CLASS   BANK43         

        CLASS   BANK42         

        CLASS   BANK41         

        CLASS   BANK40         

        CLASS   BANK39         

        CLASS   BANK38         

        CLASS   BANK37         

        CLASS   BANK36         

        CLASS   BANK35         

        CLASS   BANK34         

        CLASS   BANK33         

        CLASS   BANK32         

        CLASS   BANK31         

        CLASS   BANK30         

        CLASS   BANK29         

        CLASS   BANK28         

        CLASS   BANK27         

        CLASS   BANK26         

        CLASS   BANK25         

        CLASS   BANK24         

        CLASS   BANK23         

        CLASS   BANK22         

        CLASS   BANK21         

        CLASS   BANK20         

        CLASS   BANK19         

        CLASS   BANK18         

        CLASS   BANK17         

        CLASS   BANK16         

        CLASS   BANK15         

        CLASS   BANK14         

        CLASS   BANK13         

        CLASS   BANK12         

        CLASS   BANK11         

        CLASS   BANK10         

        CLASS   BANK9          

        CLASS   BANK8          

        CLASS   BANK7          

        CLASS   BANK6          

        CLASS   BANK5          

        CLASS   BANK4          

        CLASS   BANK3          

        CLASS   HEAP           

        CLASS   STACK          

        CLASS   EEDATA         



SEGMENTS        Name                           Load    Length   Top    Selector   Space  Class     Delta

                reset_vec                      000000  000001  000001         0       0  CODE        2
                intentry                       000004  0005E9  0005ED         8       0  CODE        2
                bssBANK0                       000020  00004D  00006D        20       1  BANK0       1
                cstackCOMMON                   000070  00000E  00007E        70       1  COMMON      1
                cstackBANK1                    0000A0  000013  0000B3        A0       1  BANK1       1
                stringtext1                    0005ED  000005  0005F2       BDA       0  STRCODE     2
                text5                          0005F2  000050  000642       BE4       0  CODE        2


UNUSED ADDRESS RANGES

        Name                Unused          Largest block    Delta
        BANK0            0006D-0006F               3           1
        BANK1            000B3-000EF              3D           1
        BANK2            00120-0016F              50           1
        BIGRAM           02000-020EF              F0           1
        CODE             00001-00003               3           2
                         00642-007FF             1BE
        CONST            00001-00003               3           2
                         00642-007FF              BE
        ENTRY            00001-00003               3           2
                         00642-007FF              BE
        IDLOC            08000-08003               4           2
        RAM              0006D-0006F               3           1
                         000B3-000EF              3D
                         00120-0016F              50
        SFR0             00000-0001F              20           1
        SFR1             00080-0009F              20           1
        SFR10            00500-0056F              70           1
        SFR11            00580-005EF              70           1
        SFR12            00600-0066F              70           1
        SFR13            00680-006EF              70           1
        SFR14            00700-0076F              70           1
        SFR15            00780-007EF              70           1
        SFR16            00800-0086F              70           1
        SFR17            00880-008EF              70           1
        SFR18            00900-0096F              70           1
        SFR19            00980-009EF              70           1
        SFR2             00100-0011F              20           1
        SFR20            00A00-00A6F              70           1
        SFR21            00A80-00AEF              70           1
        SFR22            00B00-00B6F              70           1
        SFR23            00B80-00BEF              70           1
        SFR24            00C00-00C6F              70           1
        SFR25            00C80-00CEF              70           1
        SFR26            00D00-00D6F              70           1
        SFR27            00D80-00DEF              70           1
        SFR28            00E00-00E6F              70           1
        SFR29            00E80-00EEF              70           1
        SFR3             00180-001EF              70           1
        SFR30            00F00-00F6F              70           1
        SFR31            00F80-00FEF              70           1
        SFR32            01000-0106F              70           1
        SFR33            01080-010EF              70           1
        SFR34            01100-0116F              70           1
        SFR35            01180-011EF              70           1
        SFR36            01200-0126F              70           1
        SFR37            01280-012EF              70           1
        SFR38            01300-0136F              70           1
        SFR39            01380-013EF              70           1
        SFR4             00200-0026F              70           1
        SFR40            01400-0146F              70           1
        SFR41            01480-014EF              70           1
        SFR42            01500-0156F              70           1
        SFR43            01580-015EF              70           1
        SFR44            01600-0166F              70           1
        SFR45            01680-016EF              70           1
        SFR46            01700-0176F              70           1
        SFR47            01780-017EF              70           1
        SFR48            01800-0186F              70           1
        SFR49            01880-018EF              70           1
        SFR5             00280-002EF              70           1
        SFR50            01900-0196F              70           1
        SFR51            01980-019EF              70           1
        SFR52            01A00-01A6F              70           1
        SFR53            01A80-01AEF              70           1
        SFR54            01B00-01B6F              70           1
        SFR55            01B80-01BEF              70           1
        SFR56            01C00-01C6F              70           1
        SFR57            01C80-01CEF              70           1
        SFR58            01D00-01D6F              70           1
        SFR59            01D80-01DEF              70           1
        SFR6             00300-0036F              70           1
        SFR60            01E00-01E6F              70           1
        SFR61            01E80-01EEF              70           1
        SFR62            01F00-01F6F              70           1
        SFR63            01F80-01FEF              70           1
        SFR7             00380-003EF              70           1
        SFR8             00400-0046F              70           1
        SFR9             00480-004EF              70           1
        STRCODE          00001-00003               3           2
                         00642-007FF             1BE
        STRING           00001-00003               3           2
                         00642-007FF              BE

                                  Symbol Table

EUSART1_Read@readValue                          cstackCOMMON 00070
EUSART1_SetErrorHandler@interruptHandler        cstackCOMMON 00070
EUSART1_SetFramingErrorHandler@interruptHandler cstackCOMMON 00070
EUSART1_SetOverrunErrorHandler@interruptHandler cstackCOMMON 00070
EUSART1_SetRxInterruptHandler@interruptHandler  cstackCOMMON 00070
EUSART1_SetTxInterruptHandler@interruptHandler  cstackCOMMON 00070
EUSART1_Write@txData                            cstackCOMMON 00079
LIN_calcParity@CMD                              cstackCOMMON 00071
LIN_calcParity@PID                              cstackCOMMON 00072
LIN_checkPID@pid                                cstackCOMMON 00077
LIN_getChecksum@checksum                        cstackCOMMON 00077
LIN_getChecksum@data                            cstackCOMMON 00071
LIN_getChecksum@i                               cstackCOMMON 00076
LIN_getChecksum@length                          cstackCOMMON 00075
LIN_getChecksum@pid                             cstackCOMMON 00070
LIN_getFromTable@cmd                            cstackCOMMON 00073
LIN_getFromTable@length                         cstackCOMMON 00074
LIN_getFromTable@param                          cstackCOMMON 00070
LIN_getFromTable@rxCommand                      cstackCOMMON 00075
LIN_getPacket@cmd                               cstackCOMMON 0007A
LIN_getPacket@data                              cstackCOMMON 00079
LIN_handler@LIN_rxState                         bssBANK0     0003F
LIN_handler@rxDataIndex                         bssBANK0     0003E
LIN_init@command                                cstackCOMMON 00072
LIN_init@processData                            cstackCOMMON 00074
LIN_init@tableLength                            cstackCOMMON 00076
LIN_queuePacket@cmd                             cstackBANK1  000A0
LIN_queuePacket@i                               cstackBANK1  000A1
LIN_queuePacket@tempSchedule                    cstackBANK1  000A2
LIN_sendPacket@data                             cstackCOMMON 0007B
LIN_sendPacket@i                                cstackBANK0  00068
LIN_sendPacket@length                           cstackBANK0  00067
LIN_sendPacket@pid                              cstackCOMMON 0007A
LIN_startTimer@timeout                          cstackCOMMON 00071
TMR0_Reload@periodVal                           cstackCOMMON 00070
TMR0_SetInterruptHandler@InterruptHandler       cstackCOMMON 00070
TMR0_WriteTimer@timerVal                        cstackCOMMON 00070
_ANSELA                                         (abs)        01F38
_BAUD1CON                                       (abs)        0011F
_Clear_No_Call_Warning                          text2        0063C
_CountCallBack                                  bssBANK0     00040
_DRL_ON                                         text33       00616
_DRL_POS_OFF                                    text32       00612
_EUSART1_DefaultErrorHandler                    text61       00622
_EUSART1_DefaultFramingErrorHandler             text60       00641
_EUSART1_DefaultOverrunErrorHandler             text59       0061E
_EUSART1_ErrorHandler                           nvBANK1      000B1
_EUSART1_FramingErrorHandler                    nvBANK0      0005C
_EUSART1_Initialize                             text20       00339
_EUSART1_OverrunErrorHandler                    nvBANK0      0005A
_EUSART1_Read                                   text51       0042D
_EUSART1_Receive_ISR                            text58       00377
_EUSART1_RxDataHandler                          text62       0050C
_EUSART1_RxDefaultInterruptHandler              nvBANK0      0005E
_EUSART1_SetErrorHandler                        text25       005E7
_EUSART1_SetFramingErrorHandler                 text24       005E1
_EUSART1_SetOverrunErrorHandler                 text23       005DB
_EUSART1_SetRxInterruptHandler                  text22       005D5
_EUSART1_SetTxInterruptHandler                  text21       005CF
_EUSART1_Transmit_ISR                           text57       00493
_EUSART1_TxDefaultInterruptHandler              nvBANK0      00060
_EUSART1_Write                                  text43       003E2
_EUSART1_get_last_status                        text50       00638
_EUSART1_is_rx_ready                            text52       005AC
_EUSART1_is_tx_done                             text9        0062F
_EUSART1_is_tx_ready                            text8        0063E
_HIBEAM_OFF                                     text31       00635
_HIBEAM_ON                                      text30       00632
_INLVLA                                         (abs)        01F3C
_INTCONbits                                     (abs)        0000B
_INTERRUPT_InterruptManager                     intentry     00004
_LATA                                           (abs)        00018
_LATAbits                                       (abs)        00018
_LIN_Slave_Initialize                           text16       00593
_LIN_breakCheck                                 text49       00533
_LIN_calcParity                                 text48       0017E
_LIN_checkPID                                   text46       004B1
_LIN_disableRx                                  text45       00601
_LIN_enableRx                                   text44       005FC
_LIN_getChecksum                                text42       003B0
_LIN_getFromTable                               text47       002DB
_LIN_getPacket                                  text34       00451
_LIN_handler                                    text26       00053
_LIN_init                                       text17       004E2
_LIN_packet                                     bssBANK0     00043
_LIN_processData                                nvBANK0      00064
_LIN_queuePacket                                text39       00204
_LIN_rxCommand                                  nvBANK0      00062
_LIN_rxCommandLength                            nvBANK0      00066
_LIN_rxInProgress                               bssBANK0     00042
_LIN_sendPacket                                 text41       00408
_LIN_setTimerHandler                            text18       005B5
_LIN_startTimer                                 text37       00585
_LIN_stopTimer                                  text36       0061A
_LIN_timeout                                    dataBANK0    0006C
_LIN_timerHandler                               text55       005A0
_LIN_timerRunning                               bssBANK0     00041
_ODCONA                                         (abs)        01F3A
_OSCEN                                          (abs)        00891
_OSCFRQ                                         (abs)        00893
_OSCILLATOR_Initialize                          text15       005C3
_OSCTUNE                                        (abs)        00892
_PIE0bits                                       (abs)        00716
_PIE1bits                                       (abs)        00717
_PIN_MANAGER_IOC                                text7        0063D
_PIN_MANAGER_Initialize                         text14       00556
_PIR0bits                                       (abs)        0070C
_PIR1bits                                       (abs)        0070D
_POS_ON                                         text29       0060E
_RC1REG                                         (abs)        00119
_RC1STA                                         (abs)        0011D
_RC1STAbits                                     (abs)        0011D
_RX1PPS                                         (abs)        01ECB
_SIGNAL_Data                                    bssBANK1     000A9
_SLRCONA                                        (abs)        01F3B
_SP1BRGH                                        (abs)        0011C
_SP1BRGL                                        (abs)        0011B
_SYSTEM_Initialize                              text11       00520
_T0CON0                                         (abs)        0059E
_T0CON0bits                                     (abs)        0059E
_T0CON1                                         (abs)        0059F
_TMR0H                                          (abs)        0059D
_TMR0L                                          (abs)        0059C
_TMR0_DefaultInterruptHandler                   text56       00640
_TMR0_ISR                                       text54       00576
_TMR0_Initialize                                text13       004F8
_TMR0_InterruptHandler                          nvBANK0      00058
_TMR0_ReadTimer                                 text6        0062C
_TMR0_Reload                                    text5        005F2
_TMR0_SetInterruptHandler                       text19       005C9
_TMR0_StartTimer                                text4        00629
_TMR0_StopTimer                                 text3        00626
_TMR0_WriteTimer                                text38       005F7
_TRISA                                          (abs)        00012
_TX1REG                                         (abs)        0011A
_TX1STA                                         (abs)        0011E
_TX1STAbits                                     (abs)        0011E
_WDTCON                                         (abs)        0080C
_WDT_Initialize                                 text12       0060A
_WPUA                                           (abs)        01F39
__H__absolute__                                 __absolute__ 00000
__Habs1                                         abs1         00000
__Hbank0                                        bank0        00000
__Hbank1                                        bank1        00000
__Hbank10                                       bank10       00000
__Hbank11                                       bank11       00000
__Hbank12                                       bank12       00000
__Hbank13                                       bank13       00000
__Hbank14                                       bank14       00000
__Hbank15                                       bank15       00000
__Hbank16                                       bank16       00000
__Hbank17                                       bank17       00000
__Hbank18                                       bank18       00000
__Hbank19                                       bank19       00000
__Hbank2                                        bank2        00000
__Hbank20                                       bank20       00000
__Hbank21                                       bank21       00000
__Hbank22                                       bank22       00000
__Hbank23                                       bank23       00000
__Hbank24                                       bank24       00000
__Hbank25                                       bank25       00000
__Hbank26                                       bank26       00000
__Hbank27                                       bank27       00000
__Hbank28                                       bank28       00000
__Hbank29                                       bank29       00000
__Hbank3                                        bank3        00000
__Hbank30                                       bank30       00000
__Hbank31                                       bank31       00000
__Hbank32                                       bank32       00000
__Hbank33                                       bank33       00000
__Hbank34                                       bank34       00000
__Hbank35                                       bank35       00000
__Hbank36                                       bank36       00000
__Hbank37                                       bank37       00000
__Hbank38                                       bank38       00000
__Hbank39                                       bank39       00000
__Hbank4                                        bank4        00000
__Hbank40                                       bank40       00000
__Hbank41                                       bank41       00000
__Hbank42                                       bank42       00000
__Hbank43                                       bank43       00000
__Hbank44                                       bank44       00000
__Hbank45                                       bank45       00000
__Hbank46                                       bank46       00000
__Hbank47                                       bank47       00000
__Hbank48                                       bank48       00000
__Hbank49                                       bank49       00000
__Hbank5                                        bank5        00000
__Hbank50                                       bank50       00000
__Hbank51                                       bank51       00000
__Hbank52                                       bank52       00000
__Hbank53                                       bank53       00000
__Hbank54                                       bank54       00000
__Hbank55                                       bank55       00000
__Hbank56                                       bank56       00000
__Hbank57                                       bank57       00000
__Hbank58                                       bank58       00000
__Hbank59                                       bank59       00000
__Hbank6                                        bank6        00000
__Hbank60                                       bank60       00000
__Hbank61                                       bank61       00000
__Hbank62                                       bank62       00000
__Hbank63                                       bank63       00000
__Hbank7                                        bank7        00000
__Hbank8                                        bank8        00000
__Hbank9                                        bank9        00000
__Hbigram                                       bigram       00000
__HbssBANK0                                     bssBANK0     00000
__HbssBANK1                                     bssBANK1     00000
__HbssCOMMON                                    bssCOMMON    00000
__Hcinit                                        cinit        00053
__Hclrtext                                      clrtext      00000
__Hcode                                         code         00000
__Hcommon                                       common       00000
__Hconfig                                       config       0800C
__HcstackBANK0                                  cstackBANK0  00000
__HcstackBANK1                                  cstackBANK1  00000
__HcstackCOMMON                                 cstackCOMMON 00000
__HdataBANK0                                    dataBANK0    00000
__Heeprom_data                                  eeprom_data  00000
__Hend_init                                     end_init     0003B
__Hfunctab                                      functab      00000
__Hheap                                         heap         00000
__HidataBANK0                                   idataBANK0   00000
__Hinit                                         init         0003A
__Hintentry                                     intentry     0003A
__Hmaintext                                     maintext     00000
__HnvBANK0                                      nvBANK0      00000
__HnvBANK1                                      nvBANK1      00000
__Hpowerup                                      powerup      00000
__Hram                                          ram          00000
__Hreset_vec                                    reset_vec    00001
__Hsfr0                                         sfr0         00000
__Hsfr1                                         sfr1         00000
__Hsfr10                                        sfr10        00000
__Hsfr11                                        sfr11        00000
__Hsfr12                                        sfr12        00000
__Hsfr13                                        sfr13        00000
__Hsfr14                                        sfr14        00000
__Hsfr15                                        sfr15        00000
__Hsfr16                                        sfr16        00000
__Hsfr17                                        sfr17        00000
__Hsfr18                                        sfr18        00000
__Hsfr19                                        sfr19        00000
__Hsfr2                                         sfr2         00000
__Hsfr20                                        sfr20        00000
__Hsfr21                                        sfr21        00000
__Hsfr22                                        sfr22        00000
__Hsfr23                                        sfr23        00000
__Hsfr24                                        sfr24        00000
__Hsfr25                                        sfr25        00000
__Hsfr26                                        sfr26        00000
__Hsfr27                                        sfr27        00000
__Hsfr28                                        sfr28        00000
__Hsfr29                                        sfr29        00000
__Hsfr3                                         sfr3         00000
__Hsfr30                                        sfr30        00000
__Hsfr31                                        sfr31        00000
__Hsfr32                                        sfr32        00000
__Hsfr33                                        sfr33        00000
__Hsfr34                                        sfr34        00000
__Hsfr35                                        sfr35        00000
__Hsfr36                                        sfr36        00000
__Hsfr37                                        sfr37        00000
__Hsfr38                                        sfr38        00000
__Hsfr39                                        sfr39        00000
__Hsfr4                                         sfr4         00000
__Hsfr40                                        sfr40        00000
__Hsfr41                                        sfr41        00000
__Hsfr42                                        sfr42        00000
__Hsfr43                                        sfr43        00000
__Hsfr44                                        sfr44        00000
__Hsfr45                                        sfr45        00000
__Hsfr46                                        sfr46        00000
__Hsfr47                                        sfr47        00000
__Hsfr48                                        sfr48        00000
__Hsfr49                                        sfr49        00000
__Hsfr5                                         sfr5         00000
__Hsfr50                                        sfr50        00000
__Hsfr51                                        sfr51        00000
__Hsfr52                                        sfr52        00000
__Hsfr53                                        sfr53        00000
__Hsfr54                                        sfr54        00000
__Hsfr55                                        sfr55        00000
__Hsfr56                                        sfr56        00000
__Hsfr57                                        sfr57        00000
__Hsfr58                                        sfr58        00000
__Hsfr59                                        sfr59        00000
__Hsfr6                                         sfr6         00000
__Hsfr60                                        sfr60        00000
__Hsfr61                                        sfr61        00000
__Hsfr62                                        sfr62        00000
__Hsfr63                                        sfr63        00000
__Hsfr7                                         sfr7         00000
__Hsfr8                                         sfr8         00000
__Hsfr9                                         sfr9         00000
__Hsivt                                         sivt         0003A
__Hspace_0                                      (abs)        00642
__Hspace_1                                      (abs)        000B3
__Hspace_2                                      (abs)        00000
__Hspace_3                                      (abs)        00000
__Hspace_4                                      (abs)        10013
__Hstack                                        stack        00000
__Hstrings                                      strings      00000
__Hstringtext1                                  stringtext1  00000
__Htext                                         text         00000
__L__absolute__                                 __absolute__ 00000
__Labs1                                         abs1         00000
__Lbank0                                        bank0        00000
__Lbank1                                        bank1        00000
__Lbank10                                       bank10       00000
__Lbank11                                       bank11       00000
__Lbank12                                       bank12       00000
__Lbank13                                       bank13       00000
__Lbank14                                       bank14       00000
__Lbank15                                       bank15       00000
__Lbank16                                       bank16       00000
__Lbank17                                       bank17       00000
__Lbank18                                       bank18       00000
__Lbank19                                       bank19       00000
__Lbank2                                        bank2        00000
__Lbank20                                       bank20       00000
__Lbank21                                       bank21       00000
__Lbank22                                       bank22       00000
__Lbank23                                       bank23       00000
__Lbank24                                       bank24       00000
__Lbank25                                       bank25       00000
__Lbank26                                       bank26       00000
__Lbank27                                       bank27       00000
__Lbank28                                       bank28       00000
__Lbank29                                       bank29       00000
__Lbank3                                        bank3        00000
__Lbank30                                       bank30       00000
__Lbank31                                       bank31       00000
__Lbank32                                       bank32       00000
__Lbank33                                       bank33       00000
__Lbank34                                       bank34       00000
__Lbank35                                       bank35       00000
__Lbank36                                       bank36       00000
__Lbank37                                       bank37       00000
__Lbank38                                       bank38       00000
__Lbank39                                       bank39       00000
__Lbank4                                        bank4        00000
__Lbank40                                       bank40       00000
__Lbank41                                       bank41       00000
__Lbank42                                       bank42       00000
__Lbank43                                       bank43       00000
__Lbank44                                       bank44       00000
__Lbank45                                       bank45       00000
__Lbank46                                       bank46       00000
__Lbank47                                       bank47       00000
__Lbank48                                       bank48       00000
__Lbank49                                       bank49       00000
__Lbank5                                        bank5        00000
__Lbank50                                       bank50       00000
__Lbank51                                       bank51       00000
__Lbank52                                       bank52       00000
__Lbank53                                       bank53       00000
__Lbank54                                       bank54       00000
__Lbank55                                       bank55       00000
__Lbank56                                       bank56       00000
__Lbank57                                       bank57       00000
__Lbank58                                       bank58       00000
__Lbank59                                       bank59       00000
__Lbank6                                        bank6        00000
__Lbank60                                       bank60       00000
__Lbank61                                       bank61       00000
__Lbank62                                       bank62       00000
__Lbank63                                       bank63       00000
__Lbank7                                        bank7        00000
__Lbank8                                        bank8        00000
__Lbank9                                        bank9        00000
__Lbigram                                       bigram       00000
__LbssBANK0                                     bssBANK0     00000
__LbssBANK1                                     bssBANK1     00000
__LbssCOMMON                                    bssCOMMON    00000
__Lcinit                                        cinit        0003B
__Lclrtext                                      clrtext      00000
__Lcode                                         code         00000
__Lcommon                                       common       00000
__Lconfig                                       config       00000
__LcstackBANK0                                  cstackBANK0  00000
__LcstackBANK1                                  cstackBANK1  00000
__LcstackCOMMON                                 cstackCOMMON 00000
__LdataBANK0                                    dataBANK0    00000
__Leeprom_data                                  eeprom_data  00000
__Lend_init                                     end_init     0003A
__Lfunctab                                      functab      00000
__Lheap                                         heap         00000
__LidataBANK0                                   idataBANK0   00000
__Linit                                         init         0003A
__Lintentry                                     intentry     00004
__Lmaintext                                     maintext     00000
__LnvBANK0                                      nvBANK0      00000
__LnvBANK1                                      nvBANK1      00000
__Lpowerup                                      powerup      00000
__Lram                                          ram          00000
__Lreset_vec                                    reset_vec    00000
__Lsfr0                                         sfr0         00000
__Lsfr1                                         sfr1         00000
__Lsfr10                                        sfr10        00000
__Lsfr11                                        sfr11        00000
__Lsfr12                                        sfr12        00000
__Lsfr13                                        sfr13        00000
__Lsfr14                                        sfr14        00000
__Lsfr15                                        sfr15        00000
__Lsfr16                                        sfr16        00000
__Lsfr17                                        sfr17        00000
__Lsfr18                                        sfr18        00000
__Lsfr19                                        sfr19        00000
__Lsfr2                                         sfr2         00000
__Lsfr20                                        sfr20        00000
__Lsfr21                                        sfr21        00000
__Lsfr22                                        sfr22        00000
__Lsfr23                                        sfr23        00000
__Lsfr24                                        sfr24        00000
__Lsfr25                                        sfr25        00000
__Lsfr26                                        sfr26        00000
__Lsfr27                                        sfr27        00000
__Lsfr28                                        sfr28        00000
__Lsfr29                                        sfr29        00000
__Lsfr3                                         sfr3         00000
__Lsfr30                                        sfr30        00000
__Lsfr31                                        sfr31        00000
__Lsfr32                                        sfr32        00000
__Lsfr33                                        sfr33        00000
__Lsfr34                                        sfr34        00000
__Lsfr35                                        sfr35        00000
__Lsfr36                                        sfr36        00000
__Lsfr37                                        sfr37        00000
__Lsfr38                                        sfr38        00000
__Lsfr39                                        sfr39        00000
__Lsfr4                                         sfr4         00000
__Lsfr40                                        sfr40        00000
__Lsfr41                                        sfr41        00000
__Lsfr42                                        sfr42        00000
__Lsfr43                                        sfr43        00000
__Lsfr44                                        sfr44        00000
__Lsfr45                                        sfr45        00000
__Lsfr46                                        sfr46        00000
__Lsfr47                                        sfr47        00000
__Lsfr48                                        sfr48        00000
__Lsfr49                                        sfr49        00000
__Lsfr5                                         sfr5         00000
__Lsfr50                                        sfr50        00000
__Lsfr51                                        sfr51        00000
__Lsfr52                                        sfr52        00000
__Lsfr53                                        sfr53        00000
__Lsfr54                                        sfr54        00000
__Lsfr55                                        sfr55        00000
__Lsfr56                                        sfr56        00000
__Lsfr57                                        sfr57        00000
__Lsfr58                                        sfr58        00000
__Lsfr59                                        sfr59        00000
__Lsfr6                                         sfr6         00000
__Lsfr60                                        sfr60        00000
__Lsfr61                                        sfr61        00000
__Lsfr62                                        sfr62        00000
__Lsfr63                                        sfr63        00000
__Lsfr7                                         sfr7         00000
__Lsfr8                                         sfr8         00000
__Lsfr9                                         sfr9         00000
__Lsivt                                         sivt         0003A
__Lspace_0                                      (abs)        00000
__Lspace_1                                      (abs)        00000
__Lspace_2                                      (abs)        00000
__Lspace_3                                      (abs)        00000
__Lspace_4                                      (abs)        00000
__Lstack                                        stack        00000
__Lstrings                                      strings      00000
__Lstringtext1                                  stringtext1  00000
__Ltext                                         text         00000
__S0                                            (abs)        00642
__S1                                            (abs)        000B3
___heap_hi                                      (abs)        00000
___heap_lo                                      (abs)        00000
___int_sp                                       stack        00000
___int_stack_hi                                 stack        00000
___int_stack_lo                                 stack        00000
___latbits                                      (abs)        00000
___sp                                           stack        00000
___stack_hi                                     stack        00000
___stack_lo                                     stack        00000
___stackhi                                      (abs)        00000
___stacklo                                      (abs)        00000
__end_of_Clear_No_Call_Warning                  text2        0063D
__end_of_DRL_ON                                 text33       0061A
__end_of_DRL_POS_OFF                            text32       00616
__end_of_EUSART1_DefaultErrorHandler            text61       00626
__end_of_EUSART1_DefaultFramingErrorHandler     text60       00642
__end_of_EUSART1_DefaultOverrunErrorHandler     text59       00622
__end_of_EUSART1_Initialize                     text20       00377
__end_of_EUSART1_Read                           text51       00451
__end_of_EUSART1_Receive_ISR                    text58       003B0
__end_of_EUSART1_RxDataHandler                  text62       00520
__end_of_EUSART1_SetErrorHandler                text25       005ED
__end_of_EUSART1_SetFramingErrorHandler         text24       005E7
__end_of_EUSART1_SetOverrunErrorHandler         text23       005E1
__end_of_EUSART1_SetRxInterruptHandler          text22       005DB
__end_of_EUSART1_SetTxInterruptHandler          text21       005D5
__end_of_EUSART1_Transmit_ISR                   text57       004B1
__end_of_EUSART1_Write                          text43       00408
__end_of_EUSART1_get_last_status                text50       0063B
__end_of_EUSART1_is_rx_ready                    text52       005B5
__end_of_EUSART1_is_tx_done                     text9        00632
__end_of_EUSART1_is_tx_ready                    text8        0063F
__end_of_HIBEAM_OFF                             text31       00638
__end_of_HIBEAM_ON                              text30       00635
__end_of_INTERRUPT_InterruptManager             intentry     0003A
__end_of_LIN_Slave_Initialize                   text16       005A0
__end_of_LIN_breakCheck                         text49       00546
__end_of_LIN_calcParity                         text48       00204
__end_of_LIN_checkPID                           text46       004CB
__end_of_LIN_disableRx                          text45       00606
__end_of_LIN_enableRx                           text44       00601
__end_of_LIN_getChecksum                        text42       003E2
__end_of_LIN_getFromTable                       text47       00339
__end_of_LIN_getPacket                          text34       00473
__end_of_LIN_handler                            text26       0017E
__end_of_LIN_init                               text17       004F8
__end_of_LIN_queuePacket                        text39       00273
__end_of_LIN_sendPacket                         text41       0042D
__end_of_LIN_setTimerHandler                    text18       005BD
__end_of_LIN_startTimer                         text37       00593
__end_of_LIN_stopTimer                          text36       0061E
__end_of_LIN_timerHandler                       text55       005AC
__end_of_OSCILLATOR_Initialize                  text15       005C9
__end_of_PIN_MANAGER_IOC                        text7        0063E
__end_of_PIN_MANAGER_Initialize                 text14       00566
__end_of_POS_ON                                 text29       00612
__end_of_SYSTEM_Initialize                      text11       00533
__end_of_TMR0_DefaultInterruptHandler           text56       00641
__end_of_TMR0_ISR                               text54       00585
__end_of_TMR0_Initialize                        text13       0050C
__end_of_TMR0_ReadTimer                         text6        0062F
__end_of_TMR0_Reload                            text5        005F7
__end_of_TMR0_SetInterruptHandler               text19       005CF
__end_of_TMR0_StartTimer                        text4        0062C
__end_of_TMR0_StopTimer                         text3        00629
__end_of_TMR0_WriteTimer                        text38       005FC
__end_of_WDT_Initialize                         text12       0060E
__end_of__initialization                        cinit        00050
__end_of_func_F150                              text28       002DB
__end_of_func_main                              text10       00640
__end_of_main                                   maintext     00556
__end_of_memcpy                                 text40       00493
__end_of_memset                                 text35       004E2
__end_of_processLIN                             text27       00576
__end_of_scheduleTable                          stringtext1  005F2
__end_of_software_Initialize                    text1        0060A
__initialization                                cinit        0003B
__pbssBANK0                                     bssBANK0     00020
__pbssBANK1                                     bssBANK1     000A9
__pbssCOMMON                                    bssCOMMON    0007D
__pcstackBANK0                                  cstackBANK0  00067
__pcstackBANK1                                  cstackBANK1  000A0
__pcstackCOMMON                                 cstackCOMMON 00070
__pdataBANK0                                    dataBANK0    0006C
__pidataBANK0                                   idataBANK0   0063B
__pintentry                                     intentry     00004
__pmaintext                                     maintext     00546
__pnvBANK0                                      nvBANK0      00058
__pnvBANK1                                      nvBANK1      000B1
__pstringtext1                                  stringtext1  005ED
__ptext1                                        text1        00606
__ptext10                                       text10       0063F
__ptext11                                       text11       00520
__ptext12                                       text12       0060A
__ptext13                                       text13       004F8
__ptext14                                       text14       00556
__ptext15                                       text15       005C3
__ptext16                                       text16       00593
__ptext17                                       text17       004E2
__ptext18                                       text18       005B5
__ptext19                                       text19       005C9
__ptext2                                        text2        0063C
__ptext20                                       text20       00339
__ptext21                                       text21       005CF
__ptext22                                       text22       005D5
__ptext23                                       text23       005DB
__ptext24                                       text24       005E1
__ptext25                                       text25       005E7
__ptext26                                       text26       00053
__ptext27                                       text27       00566
__ptext28                                       text28       00273
__ptext29                                       text29       0060E
__ptext3                                        text3        00626
__ptext30                                       text30       00632
__ptext31                                       text31       00635
__ptext32                                       text32       00612
__ptext33                                       text33       00616
__ptext34                                       text34       00451
__ptext35                                       text35       004CB
__ptext36                                       text36       0061A
__ptext37                                       text37       00585
__ptext38                                       text38       005F7
__ptext39                                       text39       00204
__ptext4                                        text4        00629
__ptext40                                       text40       00473
__ptext41                                       text41       00408
__ptext42                                       text42       003B0
__ptext43                                       text43       003E2
__ptext44                                       text44       005FC
__ptext45                                       text45       00601
__ptext46                                       text46       004B1
__ptext47                                       text47       002DB
__ptext48                                       text48       0017E
__ptext49                                       text49       00533
__ptext5                                        text5        005F2
__ptext50                                       text50       00638
__ptext51                                       text51       0042D
__ptext52                                       text52       005AC
__ptext54                                       text54       00576
__ptext55                                       text55       005A0
__ptext56                                       text56       00640
__ptext57                                       text57       00493
__ptext58                                       text58       00377
__ptext59                                       text59       0061E
__ptext6                                        text6        0062C
__ptext60                                       text60       00641
__ptext61                                       text61       00622
__ptext62                                       text62       0050C
__ptext7                                        text7        0063D
__ptext8                                        text8        0063E
__ptext9                                        text9        0062F
_eusart1RxBuffer                                bssBANK0     00028
_eusart1RxCount                                 bssBANK0     00039
_eusart1RxHead                                  bssCOMMON    0007D
_eusart1RxLastError                             bssBANK0     00038
_eusart1RxStatusBuffer                          bssBANK0     00020
_eusart1RxTail                                  bssBANK0     0003A
_eusart1TxBuffer                                bssBANK0     00030
_eusart1TxBufferRemaining                       bssBANK0     0003B
_eusart1TxHead                                  bssBANK0     0003D
_eusart1TxTail                                  bssBANK0     0003C
_func_F150                                      text28       00273
_func_main                                      text10       0063F
_main                                           maintext     00546
_memcpy                                         text40       00473
_memset                                         text35       004CB
_processLIN                                     text27       00566
_scheduleTable                                  stringtext1  005ED
_software_Initialize                            text1        00606
_tempRxData                                     bssBANK0     00050
btemp                                           (abs)        0007E
btemp0                                          (abs)        0007E
btemp1                                          (abs)        0007F
clear_ram0                                      clrtext      005BD
end_of_initialization                           cinit        00050
int$flags                                       (abs)        0007E
intlevel0                                       functab      00000
intlevel1                                       functab      00000
intlevel2                                       functab      00000
intlevel3                                       functab      00000
intlevel4                                       functab      00000
intlevel5                                       functab      00000
ltemp0a                                         (abs)        00080
memcpy@d                                        cstackCOMMON 00077
memcpy@d1                                       cstackCOMMON 00070
memcpy@n                                        cstackCOMMON 00074
memcpy@s                                        cstackCOMMON 00078
memcpy@s1                                       cstackCOMMON 00072
memcpy@tmp                                      cstackCOMMON 00076
memset@c                                        cstackCOMMON 00072
memset@dest                                     cstackCOMMON 00070
memset@n                                        cstackCOMMON 00074
memset@p                                        cstackCOMMON 00076
processLIN@cmd                                  cstackCOMMON 0007B
reset_vec                                       reset_vec    00000
start                                           init         0003A
start_initialization                            cinit        0003B
ttemp0a                                         (abs)        0007F
wtemp0                                          (abs)        0007E
wtemp0a                                         (abs)        0007F


MODULE INFORMATION

Module		Function		Class		Link	Load	Size
C:\Program Files\Microchip\xc8\v3.10\pic\sources\c99\common\memcpy.c
		_memcpy        		CODE           	0473	0000	32

C:\Program Files\Microchip\xc8\v3.10\pic\sources\c99\common\memcpy.c estimated size: 32

mcc_generated_files/interrupt_manager.c
		_INTERRUPT_InterruptManager		CODE           	0004	0000	54

mcc_generated_files/interrupt_manager.c estimated size: 54

mcc_generated_files/tmr0.c
		_TMR0_SetInterruptHandler		CODE           	05C9	0000	6
		_TMR0_StopTimer		CODE           	0626	0000	3
		_TMR0_Reload   		CODE           	05F2	0000	5
		_TMR0_DefaultInterruptHandler		CODE           	0640	0000	1
		_TMR0_WriteTimer		CODE           	05F7	0000	5
		_TMR0_StartTimer		CODE           	0629	0000	3
		_TMR0_ReadTimer		CODE           	062C	0000	3
		_TMR0_ISR      		CODE           	0576	0000	15
		_TMR0_Initialize		CODE           	04F8	0000	20

mcc_generated_files/tmr0.c estimated size: 61

mcc_generated_files/pin_manager.c
		_PIN_MANAGER_Initialize		CODE           	0556	0000	16
		_PIN_MANAGER_IOC		CODE           	063D	0000	1

mcc_generated_files/pin_manager.c estimated size: 17

func_main.c
		_Clear_No_Call_Warning		CODE           	063C	0000	1
		_func_main     		CODE           	063F	0000	1
		_software_Initialize		CODE           	0606	0000	4

func_main.c estimated size: 6

F150.c
		_func_F150     		CODE           	0273	0000	104

F150.c estimated size: 104

shared
		_scheduleTable 		STRCODE        	05ED	0000	5
		__initialization		CODE           	003B	0000	21

shared estimated size: 26

mcc_generated_files/eusart1.c
		_EUSART1_is_tx_done		CODE           	062F	0000	3
		_EUSART1_SetRxInterruptHandler		CODE           	05D5	0000	6
		_EUSART1_SetTxInterruptHandler		CODE           	05CF	0000	6
		_EUSART1_is_rx_ready		CODE           	05AC	0000	9
		_EUSART1_is_tx_ready		CODE           	063E	0000	1
		_EUSART1_Initialize		CODE           	0339	0000	62
		_EUSART1_DefaultErrorHandler		CODE           	0622	0000	4
		_EUSART1_SetFramingErrorHandler		CODE           	05E1	0000	6
		_EUSART1_Read  		CODE           	042D	0000	36
		_EUSART1_SetOverrunErrorHandler		CODE           	05DB	0000	6
		_EUSART1_SetErrorHandler		CODE           	05E7	0000	6
		_EUSART1_Write 		CODE           	03E2	0000	38
		_EUSART1_Receive_ISR		CODE           	0377	0000	57
		_EUSART1_RxDataHandler		CODE           	050C	0000	20
		_EUSART1_DefaultOverrunErrorHandler		CODE           	061E	0000	4
		_EUSART1_get_last_status		CODE           	0638	0000	3
		_EUSART1_Transmit_ISR		CODE           	0493	0000	30
		_EUSART1_DefaultFramingErrorHandler		CODE           	0641	0000	1

mcc_generated_files/eusart1.c estimated size: 298

mcc_generated_files/mcc.c
		_WDT_Initialize		CODE           	060A	0000	4
		_OSCILLATOR_Initialize		CODE           	05C3	0000	6
		_SYSTEM_Initialize		CODE           	0520	0000	19

mcc_generated_files/mcc.c estimated size: 29

C:\Program Files\Microchip\xc8\v3.10\pic\sources\c99\common\memset.c
		_memset        		CODE           	04CB	0000	23

C:\Program Files\Microchip\xc8\v3.10\pic\sources\c99\common\memset.c estimated size: 23

mcc_generated_files/LINDrivers/lin_app.c
		_processLIN    		CODE           	0566	0000	16
		_LIN_Slave_Initialize		CODE           	0593	0000	13

mcc_generated_files/LINDrivers/lin_app.c estimated size: 29

gpio.c
		_DRL_POS_OFF   		CODE           	0612	0000	4
		_HIBEAM_ON     		CODE           	0632	0000	3
		_HIBEAM_OFF    		CODE           	0635	0000	3
		_DRL_ON        		CODE           	0616	0000	4
		_POS_ON        		CODE           	060E	0000	4

gpio.c estimated size: 18

mcc_generated_files/LINDrivers/lin_slave.c
		_LIN_init      		CODE           	04E2	0000	22
		_LIN_stopTimer 		CODE           	061A	0000	4
		_LIN_timerHandler		CODE           	05A0	0000	12
		_LIN_checkPID  		CODE           	04B1	0000	26
		_LIN_getFromTable		CODE           	02DB	0000	94
		_LIN_getPacket 		CODE           	0451	0000	34
		_LIN_sendPacket		CODE           	0408	0000	37
		_LIN_disableRx 		CODE           	0601	0000	5
		_LIN_setTimerHandler		CODE           	05B5	0000	8
		_LIN_startTimer		CODE           	0585	0000	14
		_LIN_queuePacket		CODE           	0204	0000	111
		_LIN_breakCheck		CODE           	0533	0000	19
		_LIN_getChecksum		CODE           	03B0	0000	50
		_LIN_handler   		CODE           	0053	0000	299
		_LIN_calcParity		CODE           	017E	0000	134
		_LIN_enableRx  		CODE           	05FC	0000	5

mcc_generated_files/LINDrivers/lin_slave.c estimated size: 874

main.c
		_main          		CODE           	0546	0000	16

main.c estimated size: 16

