Microchip MPLAB XC8 Compiler V3.00

Linker command line:

-W-3 --edf=c:\PROGRA~1\MICROC~1\xc8\v3.00\pic\dat\20241204225717_en.msgs \
  -cn -h+D:\yiming\00work\FR761_RX_V02.X\out\FR761_RX\default.sym \
  --cmf=D:\yiming\00work\FR761_RX_V02.X\out\FR761_RX\default.cmf -z \
  -Q16F15213 -oC:\Users\t00904\AppData\Local\Temp\xcAsfe8.\driver_tmp_3.o \
  --defsym=__MPLAB_BUILD=1 --fixupoverflow=error -Mmem.map \
  --md=C:\Users\t00904\AppData\Local\Temp\xcAsfe8.\driver_tmp_0.dat -E1 \
  -ver=XC8 Compiler -ACODE=00h-07FFh -ASTRCODE=00h-07FFh \
  -ASTRING=00h-0FFhx8 -ACONST=00h-0FFhx8 -AENTRY=00h-0FFhx8 \
  -ACOMMON=070h-07Fh -ABANK0=020h-06Fh -ABANK1=0A0h-0EFh \
  -ABANK2=0120h-016Fh -ABIGRAM=02000h-020EFh \
  -ARAM=020h-06Fh,0A0h-0EFh,0120h-016Fh \
  -AABS1=020h-07Fh,0A0h-0EFh,0120h-016Fh -ASFR0=00h-01Fh -ASFR1=080h-09Fh \
  -ASFR2=0100h-011Fh -ASFR3=0180h-01EFh -ASFR4=0200h-026Fh \
  -ASFR5=0280h-02EFh -ASFR6=0300h-036Fh -ASFR7=0380h-03EFh \
  -ASFR8=0400h-046Fh -ASFR9=0480h-04EFh -ASFR10=0500h-056Fh \
  -ASFR11=0580h-05EFh -ASFR12=0600h-066Fh -ASFR13=0680h-06EFh \
  -ASFR14=0700h-076Fh -ASFR15=0780h-07EFh -ASFR16=0800h-086Fh \
  -ASFR17=0880h-08EFh -ASFR18=0900h-096Fh -ASFR19=0980h-09EFh \
  -ASFR20=0A00h-0A6Fh -ASFR21=0A80h-0AEFh -ASFR22=0B00h-0B6Fh \
  -ASFR23=0B80h-0BEFh -ASFR24=0C00h-0C6Fh -ASFR25=0C80h-0CEFh \
  -ASFR26=0D00h-0D6Fh -ASFR27=0D80h-0DEFh -ASFR28=0E00h-0E6Fh \
  -ASFR29=0E80h-0EEFh -ASFR30=0F00h-0F6Fh -ASFR31=0F80h-0FEFh \
  -ASFR32=01000h-0106Fh -ASFR33=01080h-010EFh -ASFR34=01100h-0116Fh \
  -ASFR35=01180h-011EFh -ASFR36=01200h-0126Fh -ASFR37=01280h-012EFh \
  -ASFR38=01300h-0136Fh -ASFR39=01380h-013EFh -ASFR40=01400h-0146Fh \
  -ASFR41=01480h-014EFh -ASFR42=01500h-0156Fh -ASFR43=01580h-015EFh \
  -ASFR44=01600h-0166Fh -ASFR45=01680h-016EFh -ASFR46=01700h-0176Fh \
  -ASFR47=01780h-017EFh -ASFR48=01800h-0186Fh -ASFR49=01880h-018EFh \
  -ASFR50=01900h-0196Fh -ASFR51=01980h-019EFh -ASFR52=01A00h-01A6Fh \
  -ASFR53=01A80h-01AEFh -ASFR54=01B00h-01B6Fh -ASFR55=01B80h-01BEFh \
  -ASFR56=01C00h-01C6Fh -ASFR57=01C80h-01CEFh -ASFR58=01D00h-01D6Fh \
  -ASFR59=01D80h-01DEFh -ASFR60=01E00h-01E6Fh -ASFR61=01E80h-01EEFh \
  -ASFR62=01F00h-01F6Fh -ASFR63=01F80h-01FEFh -ACONFIG=08007h-0800Bh \
  -DCONFIG=2 -AIDLOC=08000h-08003h -DIDLOC=2 -DCODE=2 -DSTRCODE=2 \
  -DSTRING=2 -DCONST=2 -DENTRY=2 \
  -preset_vec=00h,intentry=04h,sivt,init,end_init -ppowerup=CODE \
  -pcinit=CODE -pfunctab=ENTRY -k \
  C:\Users\t00904\AppData\Local\Temp\xcAsfe8.\driver_tmp_12.o \
  D:\yiming\00work\FR761_RX_V02.X\out\FR761_RX\default.o 

Object code version is 3.11

Machine type is 16F15213



                Name                               Link     Load   Length Selector   Space Scale
C:\Users\t00904\AppData\Local\Temp\xcAsfe8.\driver_tmp_12.o
                end_init                             37       37        1        8       0
                reset_vec                             0        0        1        0       0
                config                             8007     8007        5        0       4
                idloc                              8000     8000        4        0       5
D:\yiming\00work\FR761_RX_V02.X\out\FR761_RX\default.o
                cinit                                38       38       17        8       0
                intentry                              4        4       33        8       0
                config                             8007     8007        5        0       4
                idloc                              8000     8000        4        0       5
                text62                              4FC      4FC       15        8       0
                text61                              609      609        4      BD2       0
                text60                              637      637        1      BD2       0
                text59                              605      605        4      BD2       0
                text58                              37B      37B       3B        8       0
                text57                              497      497       1E        8       0
                text56                              636      636        1      BD2       0
                text55                              597      597        C        8       0
                text54                              56E      56E        F        8       0
                text52                              5A3      5A3        9        8       0
                text51                              40E      40E       24        8       0
                text50                              62E      62E        3      BD2       0
                text49                              54B      54B       13        8       0
                text48                              17A      17A       86        8       0
                text47                              2DF      2DF       5E        8       0
                text46                              4B5      4B5       1A        8       0
                text45                              5F8      5F8        5      BD2       0
                text44                              5F3      5F3        5      BD2       0
                text43                              3E8      3E8       26        8       0
                text42                              3B6      3B6       32        8       0
                text41                              432      432       23        8       0
                text40                              477      477       20        8       0
                text39                              27B      27B       64        8       0
                text38                              5EE      5EE        5      BD2       0
                text37                              58A      58A        D        8       0
                text36                              601      601        4      BD2       0
                text35                              62B      62B        3      BD2       0
                text34                              628      628        3      BD2       0
                text33                              625      625        3      BD2       0
                text32                              622      622        3      BD2       0
                text31                              4CF      4CF       17        8       0
                text30                              455      455       22        8       0
                text29                              61F      61F        3      BD2       0
                text28                              61C      61C        3      BD2       0
                text27                              200      200       7B        8       0
                text26                               4F       4F      12B        8       0
                text25                              5DE      5DE        6        8       0
                text24                              5D8      5D8        6        8       0
                text23                              5D2      5D2        6        8       0
                text22                              5CC      5CC        6        8       0
                text21                              5C6      5C6        6        8       0
                text20                              33D      33D       3E        8       0
                text19                              5C0      5C0        6        8       0
                text18                              5AC      5AC        8        8       0
                text17                              4E6      4E6       16        8       0
                text16                              57D      57D        D        8       0
                text15                              5BA      5BA        6        8       0
                text14                              538      538       13        8       0
                text13                              511      511       14        8       0
                text12                              619      619        3      BD2       0
                text11                              525      525       13        8       0
                text10                              635      635        1      BD2       0
                text9                               616      616        3      BD2       0
                text8                               634      634        1      BD2       0
                text7                               633      633        1      BD2       0
                text6                               613      613        3      BD2       0
                text5                               5E9      5E9        5      BD2       0
                text4                               610      610        3      BD2       0
                text3                               60D      60D        3      BD2       0
                text2                               632      632        1      BD2       0
                text1                               5FD      5FD        4      BD2       0
                maintext                            55E      55E       10        8       0
                cstackBANK0                          63       63        A       20       1
                cstackCOMMON                         70       70        E       70       1
                cstackBANK1                          A8       A8        5       A0       1
                clrtext                             5B4      5B4        6        8       0
                bssBANK1                             A0       A0        8       A0       1
                dataBANK0                            6D       6D        1       20       1
                bssBANK0                             20       20       34       20       1
                nvBANK1                              AD       AD        2       A0       1
                nvBANK0                              54       54        F       20       1
                stringtext1                         5E4      5E4        5      BC8       0
                idataBANK0                          631      631        1      BD2       0

TOTAL           Name                               Link     Load   Length     Space
        CLASS   CODE           
                end_init                             37       37        1         0
                cinit                                38       38       17         0
                intentry                              4        4       33         0
                reset_vec                             0        0        1         0
                text62                              4FC      4FC       15         0
                text61                              609      609        4         0
                text60                              637      637        1         0
                text59                              605      605        4         0
                text58                              37B      37B       3B         0
                text57                              497      497       1E         0
                text56                              636      636        1         0
                text55                              597      597        C         0
                text54                              56E      56E        F         0
                text52                              5A3      5A3        9         0
                text51                              40E      40E       24         0
                text50                              62E      62E        3         0
                text49                              54B      54B       13         0
                text48                              17A      17A       86         0
                text47                              2DF      2DF       5E         0
                text46                              4B5      4B5       1A         0
                text45                              5F8      5F8        5         0
                text44                              5F3      5F3        5         0
                text43                              3E8      3E8       26         0
                text42                              3B6      3B6       32         0
                text41                              432      432       23         0
                text40                              477      477       20         0
                text39                              27B      27B       64         0
                text38                              5EE      5EE        5         0
                text37                              58A      58A        D         0
                text36                              601      601        4         0
                text35                              62B      62B        3         0
                text34                              628      628        3         0
                text33                              625      625        3         0
                text32                              622      622        3         0
                text31                              4CF      4CF       17         0
                text30                              455      455       22         0
                text29                              61F      61F        3         0
                text28                              61C      61C        3         0
                text27                              200      200       7B         0
                text26                               4F       4F      12B         0
                text25                              5DE      5DE        6         0
                text24                              5D8      5D8        6         0
                text23                              5D2      5D2        6         0
                text22                              5CC      5CC        6         0
                text21                              5C6      5C6        6         0
                text20                              33D      33D       3E         0
                text19                              5C0      5C0        6         0
                text18                              5AC      5AC        8         0
                text17                              4E6      4E6       16         0
                text16                              57D      57D        D         0
                text15                              5BA      5BA        6         0
                text14                              538      538       13         0
                text13                              511      511       14         0
                text12                              619      619        3         0
                text11                              525      525       13         0
                text10                              635      635        1         0
                text9                               616      616        3         0
                text8                               634      634        1         0
                text7                               633      633        1         0
                text6                               613      613        3         0
                text5                               5E9      5E9        5         0
                text4                               610      610        3         0
                text3                               60D      60D        3         0
                text2                               632      632        1         0
                text1                               5FD      5FD        4         0
                maintext                            55E      55E       10         0
                clrtext                             5B4      5B4        6         0
                idataBANK0                          631      631        1         0

        CLASS   STRCODE        
                stringtext1                         5E4      5E4        5         0

        CLASS   STRING         

        CLASS   CONST          

        CLASS   ENTRY          

        CLASS   COMMON         
                cstackCOMMON                         70       70        E         1

        CLASS   BANK0          
                cstackBANK0                          63       63        A         1
                dataBANK0                            6D       6D        1         1
                bssBANK0                             20       20       34         1
                nvBANK0                              54       54        F         1

        CLASS   BANK1          
                cstackBANK1                          A8       A8        5         1
                bssBANK1                             A0       A0        8         1
                nvBANK1                              AD       AD        2         1

        CLASS   BANK2          

        CLASS   BIGRAM         

        CLASS   RAM            

        CLASS   ABS1           
                abs_s1                               7E       7E        2         1

        CLASS   SFR0           

        CLASS   SFR1           

        CLASS   SFR2           

        CLASS   SFR3           

        CLASS   SFR4           

        CLASS   SFR5           

        CLASS   SFR6           

        CLASS   SFR7           

        CLASS   SFR8           

        CLASS   SFR9           

        CLASS   SFR10          

        CLASS   SFR11          

        CLASS   SFR12          

        CLASS   SFR13          

        CLASS   SFR14          

        CLASS   SFR15          

        CLASS   SFR16          

        CLASS   SFR17          

        CLASS   SFR18          

        CLASS   SFR19          

        CLASS   SFR20          

        CLASS   SFR21          

        CLASS   SFR22          

        CLASS   SFR23          

        CLASS   SFR24          

        CLASS   SFR25          

        CLASS   SFR26          

        CLASS   SFR27          

        CLASS   SFR28          

        CLASS   SFR29          

        CLASS   SFR30          

        CLASS   SFR31          

        CLASS   SFR32          

        CLASS   SFR33          

        CLASS   SFR34          

        CLASS   SFR35          

        CLASS   SFR36          

        CLASS   SFR37          

        CLASS   SFR38          

        CLASS   SFR39          

        CLASS   SFR40          

        CLASS   SFR41          

        CLASS   SFR42          

        CLASS   SFR43          

        CLASS   SFR44          

        CLASS   SFR45          

        CLASS   SFR46          

        CLASS   SFR47          

        CLASS   SFR48          

        CLASS   SFR49          

        CLASS   SFR50          

        CLASS   SFR51          

        CLASS   SFR52          

        CLASS   SFR53          

        CLASS   SFR54          

        CLASS   SFR55          

        CLASS   SFR56          

        CLASS   SFR57          

        CLASS   SFR58          

        CLASS   SFR59          

        CLASS   SFR60          

        CLASS   SFR61          

        CLASS   SFR62          

        CLASS   SFR63          

        CLASS   CONFIG         
                config                             8007     8007        5         4

        CLASS   IDLOC          
                idloc                              8000     8000        4         5

        CLASS   BANK63         

        CLASS   BANK62         

        CLASS   BANK61         

        CLASS   BANK60         

        CLASS   BANK59         

        CLASS   BANK58         

        CLASS   BANK57         

        CLASS   BANK56         

        CLASS   BANK55         

        CLASS   BANK54         

        CLASS   BANK53         

        CLASS   BANK52         

        CLASS   BANK51         

        CLASS   BANK50         

        CLASS   BANK49         

        CLASS   BANK48         

        CLASS   BANK47         

        CLASS   BANK46         

        CLASS   BANK45         

        CLASS   BANK44         

        CLASS   BANK43         

        CLASS   BANK42         

        CLASS   BANK41         

        CLASS   BANK40         

        CLASS   BANK39         

        CLASS   BANK38         

        CLASS   BANK37         

        CLASS   BANK36         

        CLASS   BANK35         

        CLASS   BANK34         

        CLASS   BANK33         

        CLASS   BANK32         

        CLASS   BANK31         

        CLASS   BANK30         

        CLASS   BANK29         

        CLASS   BANK28         

        CLASS   BANK27         

        CLASS   BANK26         

        CLASS   BANK25         

        CLASS   BANK24         

        CLASS   BANK23         

        CLASS   BANK22         

        CLASS   BANK21         

        CLASS   BANK20         

        CLASS   BANK19         

        CLASS   BANK18         

        CLASS   BANK17         

        CLASS   BANK16         

        CLASS   BANK15         

        CLASS   BANK14         

        CLASS   BANK13         

        CLASS   BANK12         

        CLASS   BANK11         

        CLASS   BANK10         

        CLASS   BANK9          

        CLASS   BANK8          

        CLASS   BANK7          

        CLASS   BANK6          

        CLASS   BANK5          

        CLASS   BANK4          

        CLASS   BANK3          

        CLASS   HEAP           

        CLASS   STACK          

        CLASS   EEDATA         



SEGMENTS        Name                           Load    Length   Top    Selector   Space  Class     Delta

                reset_vec                      000000  000001  000001         0       0  CODE        2
                intentry                       000004  0005E0  0005E4         8       0  CODE        2
                bssBANK0                       000020  00004E  00006E        20       1  BANK0       1
                cstackCOMMON                   000070  00000E  00007E        70       1  COMMON      1
                bssBANK1                       0000A0  00000F  0000AF        A0       1  BANK1       1
                stringtext1                    0005E4  000005  0005E9       BC8       0  STRCODE     2
                text5                          0005E9  00004F  000638       BD2       0  CODE        2


UNUSED ADDRESS RANGES

        Name                Unused          Largest block    Delta
        BANK0            0006E-0006F               2           1
        BANK1            000AF-000EF              41           1
        BANK2            00120-0016F              50           1
        BIGRAM           02000-020EF              F0           1
        CODE             00001-00003               3           2
                         00638-007FF             1C8
        CONST            00001-00003               3           2
                         00638-007FF              C8
        ENTRY            00001-00003               3           2
                         00638-007FF              C8
        RAM              0006E-0006F               2           1
                         000AF-000EF              41
                         00120-0016F              50
        SFR0             00000-0001F              20           1
        SFR1             00080-0009F              20           1
        SFR10            00500-0056F              70           1
        SFR11            00580-005EF              70           1
        SFR12            00600-0066F              70           1
        SFR13            00680-006EF              70           1
        SFR14            00700-0076F              70           1
        SFR15            00780-007EF              70           1
        SFR16            00800-0086F              70           1
        SFR17            00880-008EF              70           1
        SFR18            00900-0096F              70           1
        SFR19            00980-009EF              70           1
        SFR2             00100-0011F              20           1
        SFR20            00A00-00A6F              70           1
        SFR21            00A80-00AEF              70           1
        SFR22            00B00-00B6F              70           1
        SFR23            00B80-00BEF              70           1
        SFR24            00C00-00C6F              70           1
        SFR25            00C80-00CEF              70           1
        SFR26            00D00-00D6F              70           1
        SFR27            00D80-00DEF              70           1
        SFR28            00E00-00E6F              70           1
        SFR29            00E80-00EEF              70           1
        SFR3             00180-001EF              70           1
        SFR30            00F00-00F6F              70           1
        SFR31            00F80-00FEF              70           1
        SFR32            01000-0106F              70           1
        SFR33            01080-010EF              70           1
        SFR34            01100-0116F              70           1
        SFR35            01180-011EF              70           1
        SFR36            01200-0126F              70           1
        SFR37            01280-012EF              70           1
        SFR38            01300-0136F              70           1
        SFR39            01380-013EF              70           1
        SFR4             00200-0026F              70           1
        SFR40            01400-0146F              70           1
        SFR41            01480-014EF              70           1
        SFR42            01500-0156F              70           1
        SFR43            01580-015EF              70           1
        SFR44            01600-0166F              70           1
        SFR45            01680-016EF              70           1
        SFR46            01700-0176F              70           1
        SFR47            01780-017EF              70           1
        SFR48            01800-0186F              70           1
        SFR49            01880-018EF              70           1
        SFR5             00280-002EF              70           1
        SFR50            01900-0196F              70           1
        SFR51            01980-019EF              70           1
        SFR52            01A00-01A6F              70           1
        SFR53            01A80-01AEF              70           1
        SFR54            01B00-01B6F              70           1
        SFR55            01B80-01BEF              70           1
        SFR56            01C00-01C6F              70           1
        SFR57            01C80-01CEF              70           1
        SFR58            01D00-01D6F              70           1
        SFR59            01D80-01DEF              70           1
        SFR6             00300-0036F              70           1
        SFR60            01E00-01E6F              70           1
        SFR61            01E80-01EEF              70           1
        SFR62            01F00-01F6F              70           1
        SFR63            01F80-01FEF              70           1
        SFR7             00380-003EF              70           1
        SFR8             00400-0046F              70           1
        SFR9             00480-004EF              70           1
        STRCODE          00001-00003               3           2
                         00638-007FF             1C8
        STRING           00001-00003               3           2
                         00638-007FF              C8

                                  Symbol Table

EUSART1_Read@readValue                          cstackCOMMON 00070
EUSART1_SetErrorHandler@interruptHandler        cstackCOMMON 00070
EUSART1_SetFramingErrorHandler@interruptHandler cstackCOMMON 00070
EUSART1_SetOverrunErrorHandler@interruptHandler cstackCOMMON 00070
EUSART1_SetRxInterruptHandler@interruptHandler  cstackCOMMON 00070
EUSART1_SetTxInterruptHandler@interruptHandler  cstackCOMMON 00070
EUSART1_Write@txData                            cstackCOMMON 00070
LIN_calcParity@CMD                              cstackCOMMON 00071
LIN_calcParity@PID                              cstackCOMMON 00072
LIN_checkPID@pid                                cstackCOMMON 00077
LIN_getChecksum@checksum                        cstackCOMMON 00077
LIN_getChecksum@data                            cstackCOMMON 00071
LIN_getChecksum@i                               cstackCOMMON 00076
LIN_getChecksum@length                          cstackCOMMON 00075
LIN_getChecksum@pid                             cstackCOMMON 00070
LIN_getFromTable@cmd                            cstackCOMMON 00073
LIN_getFromTable@length                         cstackCOMMON 00074
LIN_getFromTable@param                          cstackCOMMON 00070
LIN_getFromTable@rxCommand                      cstackCOMMON 00075
LIN_getPacket@cmd                               cstackCOMMON 0007A
LIN_getPacket@data                              cstackCOMMON 00079
LIN_handler@LIN_rxState                         bssBANK0     00040
LIN_handler@rxDataIndex                         bssBANK0     0003F
LIN_init@command                                cstackCOMMON 00072
LIN_init@processData                            cstackCOMMON 00074
LIN_init@tableLength                            cstackCOMMON 00076
LIN_queuePacket@cmd                             cstackBANK0  00066
LIN_queuePacket@i                               cstackBANK0  00067
LIN_queuePacket@tempSchedule                    cstackBANK0  00068
LIN_sendPacket@data                             cstackCOMMON 0007A
LIN_sendPacket@i                                cstackCOMMON 0007D
LIN_sendPacket@length                           cstackCOMMON 0007C
LIN_sendPacket@pid                              cstackCOMMON 00079
LIN_startTimer@timeout                          cstackCOMMON 00071
TMR0_Reload@periodVal                           cstackCOMMON 00070
TMR0_SetInterruptHandler@InterruptHandler       cstackCOMMON 00070
TMR0_WriteTimer@timerVal                        cstackCOMMON 00070
_ANSELA                                         (abs)        01F38
_BAUD1CON                                       (abs)        0011F
_Clear_No_Call_Warning                          text2        00632
_CountCallBack                                  bssBANK0     00041
_DRL_OFF                                        text35       0062B
_DRL_ON                                         text34       00628
_EUSART1_DefaultErrorHandler                    text61       00609
_EUSART1_DefaultFramingErrorHandler             text60       00637
_EUSART1_DefaultOverrunErrorHandler             text59       00605
_EUSART1_ErrorHandler                           nvBANK1      000AD
_EUSART1_FramingErrorHandler                    nvBANK0      00058
_EUSART1_Initialize                             text20       0033D
_EUSART1_OverrunErrorHandler                    nvBANK0      00056
_EUSART1_Read                                   text51       0040E
_EUSART1_Receive_ISR                            text58       0037B
_EUSART1_RxDataHandler                          text62       004FC
_EUSART1_RxDefaultInterruptHandler              nvBANK0      0005A
_EUSART1_SetErrorHandler                        text25       005DE
_EUSART1_SetFramingErrorHandler                 text24       005D8
_EUSART1_SetOverrunErrorHandler                 text23       005D2
_EUSART1_SetRxInterruptHandler                  text22       005CC
_EUSART1_SetTxInterruptHandler                  text21       005C6
_EUSART1_Transmit_ISR                           text57       00497
_EUSART1_TxDefaultInterruptHandler              nvBANK0      0005C
_EUSART1_Write                                  text43       003E8
_EUSART1_get_last_status                        text50       0062E
_EUSART1_is_rx_ready                            text52       005A3
_EUSART1_is_tx_done                             text9        00616
_EUSART1_is_tx_ready                            text8        00634
_HiBeam_OFF                                     text33       00625
_HiBeam_ON                                      text32       00622
_INLVLA                                         (abs)        01F3C
_INTCONbits                                     (abs)        0000B
_INTERRUPT_InterruptManager                     intentry     00004
_LATA                                           (abs)        00018
_LATAbits                                       (abs)        00018
_LIN_Slave_Initialize                           text16       0057D
_LIN_breakCheck                                 text49       0054B
_LIN_calcParity                                 text48       0017A
_LIN_checkPID                                   text46       004B5
_LIN_disableRx                                  text45       005F8
_LIN_enableRx                                   text44       005F3
_LIN_getChecksum                                text42       003B6
_LIN_getFromTable                               text47       002DF
_LIN_getPacket                                  text30       00455
_LIN_handler                                    text26       0004F
_LIN_init                                       text17       004E6
_LIN_packet                                     bssBANK0     00047
_LIN_processData                                nvBANK0      00060
_LIN_queuePacket                                text39       0027B
_LIN_rxCommand                                  nvBANK0      0005E
_LIN_rxCommandLength                            nvBANK0      00062
_LIN_rxInProgress                               bssBANK0     00043
_LIN_sendPacket                                 text41       00432
_LIN_setTimerHandler                            text18       005AC
_LIN_startTimer                                 text37       0058A
_LIN_stopTimer                                  text36       00601
_LIN_timeout                                    dataBANK0    0006D
_LIN_timerHandler                               text55       00597
_LIN_timerRunning                               bssBANK0     00042
_ODCONA                                         (abs)        01F3A
_OSCEN                                          (abs)        00891
_OSCFRQ                                         (abs)        00893
_OSCILLATOR_Initialize                          text15       005BA
_OSCTUNE                                        (abs)        00892
_PIE0bits                                       (abs)        00716
_PIE1bits                                       (abs)        00717
_PIN_MANAGER_IOC                                text7        00633
_PIN_MANAGER_Initialize                         text14       00538
_PIR0bits                                       (abs)        0070C
_PIR1bits                                       (abs)        0070D
_POS_OFF                                        text29       0061F
_POS_ON                                         text28       0061C
_RA0PPS                                         (abs)        01F10
_RC1REG                                         (abs)        00119
_RC1STA                                         (abs)        0011D
_RC1STAbits                                     (abs)        0011D
_RX1PPS                                         (abs)        01ECB
_SIGNAL_Data                                    bssBANK1     000A0
_SLRCONA                                        (abs)        01F3B
_SP1BRGH                                        (abs)        0011C
_SP1BRGL                                        (abs)        0011B
_SYSTEM_Initialize                              text11       00525
_T0CON0                                         (abs)        0059E
_T0CON0bits                                     (abs)        0059E
_T0CON1                                         (abs)        0059F
_TMR0H                                          (abs)        0059D
_TMR0L                                          (abs)        0059C
_TMR0_DefaultInterruptHandler                   text56       00636
_TMR0_ISR                                       text54       0056E
_TMR0_Initialize                                text13       00511
_TMR0_InterruptHandler                          nvBANK0      00054
_TMR0_ReadTimer                                 text6        00613
_TMR0_Reload                                    text5        005E9
_TMR0_SetInterruptHandler                       text19       005C0
_TMR0_StartTimer                                text4        00610
_TMR0_StopTimer                                 text3        0060D
_TMR0_WriteTimer                                text38       005EE
_TRISA                                          (abs)        00012
_TX1REG                                         (abs)        0011A
_TX1STA                                         (abs)        0011E
_TX1STAbits                                     (abs)        0011E
_WDTCON                                         (abs)        0080C
_WDT_Initialize                                 text12       00619
_WPUA                                           (abs)        01F39
__H__absolute__                                 __absolute__ 00000
__Habs1                                         abs1         00000
__Hbank0                                        bank0        00000
__Hbank1                                        bank1        00000
__Hbank10                                       bank10       00000
__Hbank11                                       bank11       00000
__Hbank12                                       bank12       00000
__Hbank13                                       bank13       00000
__Hbank14                                       bank14       00000
__Hbank15                                       bank15       00000
__Hbank16                                       bank16       00000
__Hbank17                                       bank17       00000
__Hbank18                                       bank18       00000
__Hbank19                                       bank19       00000
__Hbank2                                        bank2        00000
__Hbank20                                       bank20       00000
__Hbank21                                       bank21       00000
__Hbank22                                       bank22       00000
__Hbank23                                       bank23       00000
__Hbank24                                       bank24       00000
__Hbank25                                       bank25       00000
__Hbank26                                       bank26       00000
__Hbank27                                       bank27       00000
__Hbank28                                       bank28       00000
__Hbank29                                       bank29       00000
__Hbank3                                        bank3        00000
__Hbank30                                       bank30       00000
__Hbank31                                       bank31       00000
__Hbank32                                       bank32       00000
__Hbank33                                       bank33       00000
__Hbank34                                       bank34       00000
__Hbank35                                       bank35       00000
__Hbank36                                       bank36       00000
__Hbank37                                       bank37       00000
__Hbank38                                       bank38       00000
__Hbank39                                       bank39       00000
__Hbank4                                        bank4        00000
__Hbank40                                       bank40       00000
__Hbank41                                       bank41       00000
__Hbank42                                       bank42       00000
__Hbank43                                       bank43       00000
__Hbank44                                       bank44       00000
__Hbank45                                       bank45       00000
__Hbank46                                       bank46       00000
__Hbank47                                       bank47       00000
__Hbank48                                       bank48       00000
__Hbank49                                       bank49       00000
__Hbank5                                        bank5        00000
__Hbank50                                       bank50       00000
__Hbank51                                       bank51       00000
__Hbank52                                       bank52       00000
__Hbank53                                       bank53       00000
__Hbank54                                       bank54       00000
__Hbank55                                       bank55       00000
__Hbank56                                       bank56       00000
__Hbank57                                       bank57       00000
__Hbank58                                       bank58       00000
__Hbank59                                       bank59       00000
__Hbank6                                        bank6        00000
__Hbank60                                       bank60       00000
__Hbank61                                       bank61       00000
__Hbank62                                       bank62       00000
__Hbank63                                       bank63       00000
__Hbank7                                        bank7        00000
__Hbank8                                        bank8        00000
__Hbank9                                        bank9        00000
__Hbigram                                       bigram       00000
__HbssBANK0                                     bssBANK0     00000
__HbssBANK1                                     bssBANK1     00000
__Hcinit                                        cinit        0004F
__Hclrtext                                      clrtext      00000
__Hcode                                         code         00000
__Hcommon                                       common       00000
__Hconfig                                       config       0800C
__HcstackBANK0                                  cstackBANK0  00000
__HcstackBANK1                                  cstackBANK1  00000
__HcstackCOMMON                                 cstackCOMMON 00000
__HdataBANK0                                    dataBANK0    00000
__Heeprom_data                                  eeprom_data  00000
__Hend_init                                     end_init     00038
__Hfunctab                                      functab      00000
__Hheap                                         heap         00000
__HidataBANK0                                   idataBANK0   00000
__Hidloc                                        idloc        08004
__Hinit                                         init         00037
__Hintentry                                     intentry     00037
__Hmaintext                                     maintext     00000
__HnvBANK0                                      nvBANK0      00000
__HnvBANK1                                      nvBANK1      00000
__Hpowerup                                      powerup      00000
__Hram                                          ram          00000
__Hreset_vec                                    reset_vec    00001
__Hsfr0                                         sfr0         00000
__Hsfr1                                         sfr1         00000
__Hsfr10                                        sfr10        00000
__Hsfr11                                        sfr11        00000
__Hsfr12                                        sfr12        00000
__Hsfr13                                        sfr13        00000
__Hsfr14                                        sfr14        00000
__Hsfr15                                        sfr15        00000
__Hsfr16                                        sfr16        00000
__Hsfr17                                        sfr17        00000
__Hsfr18                                        sfr18        00000
__Hsfr19                                        sfr19        00000
__Hsfr2                                         sfr2         00000
__Hsfr20                                        sfr20        00000
__Hsfr21                                        sfr21        00000
__Hsfr22                                        sfr22        00000
__Hsfr23                                        sfr23        00000
__Hsfr24                                        sfr24        00000
__Hsfr25                                        sfr25        00000
__Hsfr26                                        sfr26        00000
__Hsfr27                                        sfr27        00000
__Hsfr28                                        sfr28        00000
__Hsfr29                                        sfr29        00000
__Hsfr3                                         sfr3         00000
__Hsfr30                                        sfr30        00000
__Hsfr31                                        sfr31        00000
__Hsfr32                                        sfr32        00000
__Hsfr33                                        sfr33        00000
__Hsfr34                                        sfr34        00000
__Hsfr35                                        sfr35        00000
__Hsfr36                                        sfr36        00000
__Hsfr37                                        sfr37        00000
__Hsfr38                                        sfr38        00000
__Hsfr39                                        sfr39        00000
__Hsfr4                                         sfr4         00000
__Hsfr40                                        sfr40        00000
__Hsfr41                                        sfr41        00000
__Hsfr42                                        sfr42        00000
__Hsfr43                                        sfr43        00000
__Hsfr44                                        sfr44        00000
__Hsfr45                                        sfr45        00000
__Hsfr46                                        sfr46        00000
__Hsfr47                                        sfr47        00000
__Hsfr48                                        sfr48        00000
__Hsfr49                                        sfr49        00000
__Hsfr5                                         sfr5         00000
__Hsfr50                                        sfr50        00000
__Hsfr51                                        sfr51        00000
__Hsfr52                                        sfr52        00000
__Hsfr53                                        sfr53        00000
__Hsfr54                                        sfr54        00000
__Hsfr55                                        sfr55        00000
__Hsfr56                                        sfr56        00000
__Hsfr57                                        sfr57        00000
__Hsfr58                                        sfr58        00000
__Hsfr59                                        sfr59        00000
__Hsfr6                                         sfr6         00000
__Hsfr60                                        sfr60        00000
__Hsfr61                                        sfr61        00000
__Hsfr62                                        sfr62        00000
__Hsfr63                                        sfr63        00000
__Hsfr7                                         sfr7         00000
__Hsfr8                                         sfr8         00000
__Hsfr9                                         sfr9         00000
__Hsivt                                         sivt         00037
__Hspace_0                                      (abs)        00638
__Hspace_1                                      (abs)        000AF
__Hspace_2                                      (abs)        00000
__Hspace_3                                      (abs)        00000
__Hspace_4                                      (abs)        10013
__Hstack                                        stack        00000
__Hstrings                                      strings      00000
__Hstringtext1                                  stringtext1  00000
__Htext                                         text         00000
__L__absolute__                                 __absolute__ 00000
__Labs1                                         abs1         00000
__Lbank0                                        bank0        00000
__Lbank1                                        bank1        00000
__Lbank10                                       bank10       00000
__Lbank11                                       bank11       00000
__Lbank12                                       bank12       00000
__Lbank13                                       bank13       00000
__Lbank14                                       bank14       00000
__Lbank15                                       bank15       00000
__Lbank16                                       bank16       00000
__Lbank17                                       bank17       00000
__Lbank18                                       bank18       00000
__Lbank19                                       bank19       00000
__Lbank2                                        bank2        00000
__Lbank20                                       bank20       00000
__Lbank21                                       bank21       00000
__Lbank22                                       bank22       00000
__Lbank23                                       bank23       00000
__Lbank24                                       bank24       00000
__Lbank25                                       bank25       00000
__Lbank26                                       bank26       00000
__Lbank27                                       bank27       00000
__Lbank28                                       bank28       00000
__Lbank29                                       bank29       00000
__Lbank3                                        bank3        00000
__Lbank30                                       bank30       00000
__Lbank31                                       bank31       00000
__Lbank32                                       bank32       00000
__Lbank33                                       bank33       00000
__Lbank34                                       bank34       00000
__Lbank35                                       bank35       00000
__Lbank36                                       bank36       00000
__Lbank37                                       bank37       00000
__Lbank38                                       bank38       00000
__Lbank39                                       bank39       00000
__Lbank4                                        bank4        00000
__Lbank40                                       bank40       00000
__Lbank41                                       bank41       00000
__Lbank42                                       bank42       00000
__Lbank43                                       bank43       00000
__Lbank44                                       bank44       00000
__Lbank45                                       bank45       00000
__Lbank46                                       bank46       00000
__Lbank47                                       bank47       00000
__Lbank48                                       bank48       00000
__Lbank49                                       bank49       00000
__Lbank5                                        bank5        00000
__Lbank50                                       bank50       00000
__Lbank51                                       bank51       00000
__Lbank52                                       bank52       00000
__Lbank53                                       bank53       00000
__Lbank54                                       bank54       00000
__Lbank55                                       bank55       00000
__Lbank56                                       bank56       00000
__Lbank57                                       bank57       00000
__Lbank58                                       bank58       00000
__Lbank59                                       bank59       00000
__Lbank6                                        bank6        00000
__Lbank60                                       bank60       00000
__Lbank61                                       bank61       00000
__Lbank62                                       bank62       00000
__Lbank63                                       bank63       00000
__Lbank7                                        bank7        00000
__Lbank8                                        bank8        00000
__Lbank9                                        bank9        00000
__Lbigram                                       bigram       00000
__LbssBANK0                                     bssBANK0     00000
__LbssBANK1                                     bssBANK1     00000
__Lcinit                                        cinit        00038
__Lclrtext                                      clrtext      00000
__Lcode                                         code         00000
__Lcommon                                       common       00000
__Lconfig                                       config       00000
__LcstackBANK0                                  cstackBANK0  00000
__LcstackBANK1                                  cstackBANK1  00000
__LcstackCOMMON                                 cstackCOMMON 00000
__LdataBANK0                                    dataBANK0    00000
__Leeprom_data                                  eeprom_data  00000
__Lend_init                                     end_init     00037
__Lfunctab                                      functab      00000
__Lheap                                         heap         00000
__LidataBANK0                                   idataBANK0   00000
__Lidloc                                        idloc        00000
__Linit                                         init         00037
__Lintentry                                     intentry     00004
__Lmaintext                                     maintext     00000
__LnvBANK0                                      nvBANK0      00000
__LnvBANK1                                      nvBANK1      00000
__Lpowerup                                      powerup      00000
__Lram                                          ram          00000
__Lreset_vec                                    reset_vec    00000
__Lsfr0                                         sfr0         00000
__Lsfr1                                         sfr1         00000
__Lsfr10                                        sfr10        00000
__Lsfr11                                        sfr11        00000
__Lsfr12                                        sfr12        00000
__Lsfr13                                        sfr13        00000
__Lsfr14                                        sfr14        00000
__Lsfr15                                        sfr15        00000
__Lsfr16                                        sfr16        00000
__Lsfr17                                        sfr17        00000
__Lsfr18                                        sfr18        00000
__Lsfr19                                        sfr19        00000
__Lsfr2                                         sfr2         00000
__Lsfr20                                        sfr20        00000
__Lsfr21                                        sfr21        00000
__Lsfr22                                        sfr22        00000
__Lsfr23                                        sfr23        00000
__Lsfr24                                        sfr24        00000
__Lsfr25                                        sfr25        00000
__Lsfr26                                        sfr26        00000
__Lsfr27                                        sfr27        00000
__Lsfr28                                        sfr28        00000
__Lsfr29                                        sfr29        00000
__Lsfr3                                         sfr3         00000
__Lsfr30                                        sfr30        00000
__Lsfr31                                        sfr31        00000
__Lsfr32                                        sfr32        00000
__Lsfr33                                        sfr33        00000
__Lsfr34                                        sfr34        00000
__Lsfr35                                        sfr35        00000
__Lsfr36                                        sfr36        00000
__Lsfr37                                        sfr37        00000
__Lsfr38                                        sfr38        00000
__Lsfr39                                        sfr39        00000
__Lsfr4                                         sfr4         00000
__Lsfr40                                        sfr40        00000
__Lsfr41                                        sfr41        00000
__Lsfr42                                        sfr42        00000
__Lsfr43                                        sfr43        00000
__Lsfr44                                        sfr44        00000
__Lsfr45                                        sfr45        00000
__Lsfr46                                        sfr46        00000
__Lsfr47                                        sfr47        00000
__Lsfr48                                        sfr48        00000
__Lsfr49                                        sfr49        00000
__Lsfr5                                         sfr5         00000
__Lsfr50                                        sfr50        00000
__Lsfr51                                        sfr51        00000
__Lsfr52                                        sfr52        00000
__Lsfr53                                        sfr53        00000
__Lsfr54                                        sfr54        00000
__Lsfr55                                        sfr55        00000
__Lsfr56                                        sfr56        00000
__Lsfr57                                        sfr57        00000
__Lsfr58                                        sfr58        00000
__Lsfr59                                        sfr59        00000
__Lsfr6                                         sfr6         00000
__Lsfr60                                        sfr60        00000
__Lsfr61                                        sfr61        00000
__Lsfr62                                        sfr62        00000
__Lsfr63                                        sfr63        00000
__Lsfr7                                         sfr7         00000
__Lsfr8                                         sfr8         00000
__Lsfr9                                         sfr9         00000
__Lsivt                                         sivt         00037
__Lspace_0                                      (abs)        00000
__Lspace_1                                      (abs)        00000
__Lspace_2                                      (abs)        00000
__Lspace_3                                      (abs)        00000
__Lspace_4                                      (abs)        00000
__Lstack                                        stack        00000
__Lstrings                                      strings      00000
__Lstringtext1                                  stringtext1  00000
__Ltext                                         text         00000
__S0                                            (abs)        00638
__S1                                            (abs)        000AF
___heap_hi                                      (abs)        00000
___heap_lo                                      (abs)        00000
___int_sp                                       stack        00000
___int_stack_hi                                 stack        00000
___int_stack_lo                                 stack        00000
___latbits                                      (abs)        00000
___sp                                           stack        00000
___stack_hi                                     stack        00000
___stack_lo                                     stack        00000
___stackhi                                      (abs)        00000
___stacklo                                      (abs)        00000
__end_of_Clear_No_Call_Warning                  text2        00633
__end_of_DRL_OFF                                text35       0062E
__end_of_DRL_ON                                 text34       0062B
__end_of_EUSART1_DefaultErrorHandler            text61       0060D
__end_of_EUSART1_DefaultFramingErrorHandler     text60       00638
__end_of_EUSART1_DefaultOverrunErrorHandler     text59       00609
__end_of_EUSART1_Initialize                     text20       0037B
__end_of_EUSART1_Read                           text51       00432
__end_of_EUSART1_Receive_ISR                    text58       003B6
__end_of_EUSART1_RxDataHandler                  text62       00511
__end_of_EUSART1_SetErrorHandler                text25       005E4
__end_of_EUSART1_SetFramingErrorHandler         text24       005DE
__end_of_EUSART1_SetOverrunErrorHandler         text23       005D8
__end_of_EUSART1_SetRxInterruptHandler          text22       005D2
__end_of_EUSART1_SetTxInterruptHandler          text21       005CC
__end_of_EUSART1_Transmit_ISR                   text57       004B5
__end_of_EUSART1_Write                          text43       0040E
__end_of_EUSART1_get_last_status                text50       00631
__end_of_EUSART1_is_rx_ready                    text52       005AC
__end_of_EUSART1_is_tx_done                     text9        00619
__end_of_EUSART1_is_tx_ready                    text8        00635
__end_of_HiBeam_OFF                             text33       00628
__end_of_HiBeam_ON                              text32       00625
__end_of_INTERRUPT_InterruptManager             intentry     00037
__end_of_LIN_Slave_Initialize                   text16       0058A
__end_of_LIN_breakCheck                         text49       0055E
__end_of_LIN_calcParity                         text48       00200
__end_of_LIN_checkPID                           text46       004CF
__end_of_LIN_disableRx                          text45       005FD
__end_of_LIN_enableRx                           text44       005F8
__end_of_LIN_getChecksum                        text42       003E8
__end_of_LIN_getFromTable                       text47       0033D
__end_of_LIN_getPacket                          text30       00477
__end_of_LIN_handler                            text26       0017A
__end_of_LIN_init                               text17       004FC
__end_of_LIN_queuePacket                        text39       002DF
__end_of_LIN_sendPacket                         text41       00455
__end_of_LIN_setTimerHandler                    text18       005B4
__end_of_LIN_startTimer                         text37       00597
__end_of_LIN_stopTimer                          text36       00605
__end_of_LIN_timerHandler                       text55       005A3
__end_of_OSCILLATOR_Initialize                  text15       005C0
__end_of_PIN_MANAGER_IOC                        text7        00634
__end_of_PIN_MANAGER_Initialize                 text14       0054B
__end_of_POS_OFF                                text29       00622
__end_of_POS_ON                                 text28       0061F
__end_of_SYSTEM_Initialize                      text11       00538
__end_of_TMR0_DefaultInterruptHandler           text56       00637
__end_of_TMR0_ISR                               text54       0057D
__end_of_TMR0_Initialize                        text13       00525
__end_of_TMR0_ReadTimer                         text6        00616
__end_of_TMR0_Reload                            text5        005EE
__end_of_TMR0_SetInterruptHandler               text19       005C6
__end_of_TMR0_StartTimer                        text4        00613
__end_of_TMR0_StopTimer                         text3        00610
__end_of_TMR0_WriteTimer                        text38       005F3
__end_of_WDT_Initialize                         text12       0061C
__end_of__initialization                        cinit        0004C
__end_of_func_main                              text10       00636
__end_of_main                                   maintext     0056E
__end_of_memcpy                                 text40       00497
__end_of_memset                                 text31       004E6
__end_of_processLIN                             text27       0027B
__end_of_scheduleTable                          stringtext1  005E9
__end_of_software_Initialize                    text1        00601
__initialization                                cinit        00038
__pbssBANK0                                     bssBANK0     00020
__pbssBANK1                                     bssBANK1     000A0
__pcstackBANK0                                  cstackBANK0  00063
__pcstackBANK1                                  cstackBANK1  000A8
__pcstackCOMMON                                 cstackCOMMON 00070
__pdataBANK0                                    dataBANK0    0006D
__pidataBANK0                                   idataBANK0   00631
__pintentry                                     intentry     00004
__pmaintext                                     maintext     0055E
__pnvBANK0                                      nvBANK0      00054
__pnvBANK1                                      nvBANK1      000AD
__pstringtext1                                  stringtext1  005E4
__ptext1                                        text1        005FD
__ptext10                                       text10       00635
__ptext11                                       text11       00525
__ptext12                                       text12       00619
__ptext13                                       text13       00511
__ptext14                                       text14       00538
__ptext15                                       text15       005BA
__ptext16                                       text16       0057D
__ptext17                                       text17       004E6
__ptext18                                       text18       005AC
__ptext19                                       text19       005C0
__ptext2                                        text2        00632
__ptext20                                       text20       0033D
__ptext21                                       text21       005C6
__ptext22                                       text22       005CC
__ptext23                                       text23       005D2
__ptext24                                       text24       005D8
__ptext25                                       text25       005DE
__ptext26                                       text26       0004F
__ptext27                                       text27       00200
__ptext28                                       text28       0061C
__ptext29                                       text29       0061F
__ptext3                                        text3        0060D
__ptext30                                       text30       00455
__ptext31                                       text31       004CF
__ptext32                                       text32       00622
__ptext33                                       text33       00625
__ptext34                                       text34       00628
__ptext35                                       text35       0062B
__ptext36                                       text36       00601
__ptext37                                       text37       0058A
__ptext38                                       text38       005EE
__ptext39                                       text39       0027B
__ptext4                                        text4        00610
__ptext40                                       text40       00477
__ptext41                                       text41       00432
__ptext42                                       text42       003B6
__ptext43                                       text43       003E8
__ptext44                                       text44       005F3
__ptext45                                       text45       005F8
__ptext46                                       text46       004B5
__ptext47                                       text47       002DF
__ptext48                                       text48       0017A
__ptext49                                       text49       0054B
__ptext5                                        text5        005E9
__ptext50                                       text50       0062E
__ptext51                                       text51       0040E
__ptext52                                       text52       005A3
__ptext54                                       text54       0056E
__ptext55                                       text55       00597
__ptext56                                       text56       00636
__ptext57                                       text57       00497
__ptext58                                       text58       0037B
__ptext59                                       text59       00605
__ptext6                                        text6        00613
__ptext60                                       text60       00637
__ptext61                                       text61       00609
__ptext62                                       text62       004FC
__ptext7                                        text7        00633
__ptext8                                        text8        00634
__ptext9                                        text9        00616
_eusart1RxBuffer                                bssBANK0     00028
_eusart1RxCount                                 bssBANK0     00039
_eusart1RxHead                                  bssBANK0     0003B
_eusart1RxLastError                             bssBANK0     00038
_eusart1RxStatusBuffer                          bssBANK0     00020
_eusart1RxTail                                  bssBANK0     0003A
_eusart1TxBuffer                                bssBANK0     00030
_eusart1TxBufferRemaining                       bssBANK0     0003C
_eusart1TxHead                                  bssBANK0     0003E
_eusart1TxTail                                  bssBANK0     0003D
_func_main                                      text10       00635
_lampFlags_old                                  bssBANK0     00045
_lampState                                      bssBANK0     00046
_main                                           maintext     0055E
_memcpy                                         text40       00477
_memset                                         text31       004CF
_processLIN                                     text27       00200
_scheduleTable                                  stringtext1  005E4
_software_Initialize                            text1        005FD
btemp                                           (abs)        0007E
clear_ram0                                      clrtext      005B4
end_of_initialization                           cinit        0004C
int$flags                                       (abs)        0007E
intlevel0                                       functab      00000
intlevel1                                       functab      00000
intlevel2                                       functab      00000
intlevel3                                       functab      00000
intlevel4                                       functab      00000
intlevel5                                       functab      00000
memcpy@d                                        cstackCOMMON 00077
memcpy@d1                                       cstackCOMMON 00070
memcpy@n                                        cstackCOMMON 00074
memcpy@s                                        cstackCOMMON 00078
memcpy@s1                                       cstackCOMMON 00072
memcpy@tmp                                      cstackCOMMON 00076
memset@c                                        cstackCOMMON 00072
memset@dest                                     cstackCOMMON 00070
memset@n                                        cstackCOMMON 00074
memset@p                                        cstackCOMMON 00076
processLIN@F171                                 bssBANK0     00044
processLIN@cmd                                  cstackBANK0  0006B
processLIN@lampFlags                            cstackBANK0  0006C
processLIN@tempRxData                           cstackBANK0  00063
reset_vec                                       reset_vec    00000
start                                           init         00037
start_initialization                            cinit        00038
wtemp0                                          (abs)        0007E


MODULE INFORMATION

Module		Function		Class		Link	Load	Size
D:\yiming\00work\FR761_RX_V02.X\mcc_generated_files\mcc.c
		_WDT_Initialize		CODE           	0619	0000	3
		_OSCILLATOR_Initialize		CODE           	05BA	0000	6
		_SYSTEM_Initialize		CODE           	0525	0000	19

D:\yiming\00work\FR761_RX_V02.X\mcc_generated_files\mcc.c estimated size: 28

c:\PROGRA~1\MICROC~1\xc8\v3.00\pic\sources\c99\common\memset.c
		_memset        		CODE           	04CF	0000	23

c:\PROGRA~1\MICROC~1\xc8\v3.00\pic\sources\c99\common\memset.c estimated size: 23

D:\yiming\00work\FR761_RX_V02.X\gpio.c
		_HiBeam_ON     		CODE           	0622	0000	3
		_HiBeam_OFF    		CODE           	0625	0000	3
		_POS_OFF       		CODE           	061F	0000	3
		_DRL_ON        		CODE           	0628	0000	3
		_POS_ON        		CODE           	061C	0000	3
		_DRL_OFF       		CODE           	062B	0000	3

D:\yiming\00work\FR761_RX_V02.X\gpio.c estimated size: 18

D:\yiming\00work\FR761_RX_V02.X\main.c
		_main          		CODE           	055E	0000	16

D:\yiming\00work\FR761_RX_V02.X\main.c estimated size: 16

D:\yiming\00work\FR761_RX_V02.X\mcc_generated_files\tmr0.c
		_TMR0_SetInterruptHandler		CODE           	05C0	0000	6
		_TMR0_StopTimer		CODE           	060D	0000	3
		_TMR0_Reload   		CODE           	05E9	0000	5
		_TMR0_DefaultInterruptHandler		CODE           	0636	0000	1
		_TMR0_WriteTimer		CODE           	05EE	0000	5
		_TMR0_StartTimer		CODE           	0610	0000	3
		_TMR0_ReadTimer		CODE           	0613	0000	3
		_TMR0_ISR      		CODE           	056E	0000	15
		_TMR0_Initialize		CODE           	0511	0000	20

D:\yiming\00work\FR761_RX_V02.X\mcc_generated_files\tmr0.c estimated size: 61

D:\yiming\00work\FR761_RX_V02.X\mcc_generated_files\eusart1.c
		_EUSART1_is_tx_done		CODE           	0616	0000	3
		_EUSART1_SetRxInterruptHandler		CODE           	05CC	0000	6
		_EUSART1_SetTxInterruptHandler		CODE           	05C6	0000	6
		_EUSART1_is_rx_ready		CODE           	05A3	0000	9
		_EUSART1_is_tx_ready		CODE           	0634	0000	1
		_EUSART1_Initialize		CODE           	033D	0000	62
		_EUSART1_DefaultErrorHandler		CODE           	0609	0000	4
		_EUSART1_SetFramingErrorHandler		CODE           	05D8	0000	6
		_EUSART1_Read  		CODE           	040E	0000	36
		_EUSART1_SetOverrunErrorHandler		CODE           	05D2	0000	6
		_EUSART1_SetErrorHandler		CODE           	05DE	0000	6
		_EUSART1_Write 		CODE           	03E8	0000	38
		_EUSART1_Receive_ISR		CODE           	037B	0000	59
		_EUSART1_RxDataHandler		CODE           	04FC	0000	21
		_EUSART1_DefaultOverrunErrorHandler		CODE           	0605	0000	4
		_EUSART1_get_last_status		CODE           	062E	0000	3
		_EUSART1_Transmit_ISR		CODE           	0497	0000	30
		_EUSART1_DefaultFramingErrorHandler		CODE           	0637	0000	1

D:\yiming\00work\FR761_RX_V02.X\mcc_generated_files\eusart1.c estimated size: 301

D:\yiming\00work\FR761_RX_V02.X\mcc_generated_files\LINDrivers\lin_slave.c
		_LIN_init      		CODE           	04E6	0000	22
		_LIN_stopTimer 		CODE           	0601	0000	4
		_LIN_timerHandler		CODE           	0597	0000	12
		_LIN_checkPID  		CODE           	04B5	0000	26
		_LIN_getFromTable		CODE           	02DF	0000	94
		_LIN_getPacket 		CODE           	0455	0000	34
		_LIN_sendPacket		CODE           	0432	0000	35
		_LIN_disableRx 		CODE           	05F8	0000	5
		_LIN_setTimerHandler		CODE           	05AC	0000	8
		_LIN_startTimer		CODE           	058A	0000	13
		_LIN_queuePacket		CODE           	027B	0000	100
		_LIN_breakCheck		CODE           	054B	0000	19
		_LIN_getChecksum		CODE           	03B6	0000	50
		_LIN_handler   		CODE           	004F	0000	299
		_LIN_calcParity		CODE           	017A	0000	134
		_LIN_enableRx  		CODE           	05F3	0000	5

D:\yiming\00work\FR761_RX_V02.X\mcc_generated_files\LINDrivers\lin_slave.c estimated size: 860

shared
		_scheduleTable 		STRCODE        	05E4	0000	5
		__initialization		CODE           	0038	0000	20

shared estimated size: 25

c:\PROGRA~1\MICROC~1\xc8\v3.00\pic\sources\c99\common\memcpy.c
		_memcpy        		CODE           	0477	0000	32

c:\PROGRA~1\MICROC~1\xc8\v3.00\pic\sources\c99\common\memcpy.c estimated size: 32

D:\yiming\00work\FR761_RX_V02.X\mcc_generated_files\interrupt_manager.c
		_INTERRUPT_InterruptManager		CODE           	0004	0000	51

D:\yiming\00work\FR761_RX_V02.X\mcc_generated_files\interrupt_manager.c estimated size: 51

D:\yiming\00work\FR761_RX_V02.X\mcc_generated_files\LINDrivers\lin_app.c
		_processLIN    		CODE           	0200	0000	123
		_LIN_Slave_Initialize		CODE           	057D	0000	13

D:\yiming\00work\FR761_RX_V02.X\mcc_generated_files\LINDrivers\lin_app.c estimated size: 136

D:\yiming\00work\FR761_RX_V02.X\func_main.c
		_Clear_No_Call_Warning		CODE           	0632	0000	1
		_func_main     		CODE           	0635	0000	1
		_software_Initialize		CODE           	05FD	0000	4

D:\yiming\00work\FR761_RX_V02.X\func_main.c estimated size: 6

D:\yiming\00work\FR761_RX_V02.X\mcc_generated_files\pin_manager.c
		_PIN_MANAGER_Initialize		CODE           	0538	0000	19
		_PIN_MANAGER_IOC		CODE           	0633	0000	1

D:\yiming\00work\FR761_RX_V02.X\mcc_generated_files\pin_manager.c estimated size: 20

